[2026-04-15T06:11:08.657Z]initializing>========== game engine started ==========
[2026-04-15T06:11:08.679Z]2>========== sending world update 2 to room /lobby is delta update: false ==========
[2026-04-15T06:11:08.714Z]4>========== sending world update 4 to room /lobby is delta update: true ==========
[2026-04-15T06:11:08.724Z]4>ROOM UPDATE: playerId 1 from room /lobby to room match:2DRJTC
[2026-04-15T06:11:08.724Z]4>ROOM UPDATE: playerId 2 from room /lobby to room match:2DRJTC
[2026-04-15T06:11:08.724Z]4>========== object added game-object[1] ==========
[2026-04-15T06:11:08.724Z]4>========== object added game-object[2] ==========
[2026-04-15T06:11:08.724Z]4>========== object added game-object[3] ==========
[2026-04-15T06:11:08.724Z]4>========== object added game-object[4] ==========
[2026-04-15T06:11:08.724Z]4>========== object added game-object[5] ==========
[2026-04-15T06:11:08.724Z]4>========== object added game-object[6] ==========
[2026-04-15T06:11:08.724Z]4>========== object added game-object[7] ==========
[2026-04-15T06:11:08.724Z]4>========== object added game-object[8] ==========
[2026-04-15T06:11:08.724Z]4>========== object added game-object[9] ==========
[2026-04-15T06:11:08.724Z]4>========== object added game-object[10] ==========
[2026-04-15T06:11:08.724Z]4>========== object added game-object[11] ==========
[2026-04-15T06:11:08.724Z]4>========== object added game-object[12] ==========
[2026-04-15T06:11:08.724Z]4>========== object added game-object[13] ==========
[2026-04-15T06:11:08.724Z]4>========== object added game-object[14] ==========
[2026-04-15T06:11:08.724Z]4>========== object added game-object[15] ==========
[2026-04-15T06:11:08.724Z]4>========== object added game-object[16] ==========
[2026-04-15T06:11:08.724Z]4>========== object added game-object[17] ==========
[2026-04-15T06:11:08.724Z]4>========== object added game-object[18] ==========
[2026-04-15T06:11:08.724Z]4>========== object added game-object[19] ==========
[2026-04-15T06:11:08.724Z]4>========== object added game-object[20] ==========
[2026-04-15T06:11:08.732Z]5>object[1] after step : game-object[1]
[2026-04-15T06:11:08.732Z]5>object[2] after step : game-object[2]
[2026-04-15T06:11:08.732Z]5>object[3] after step : game-object[3]
[2026-04-15T06:11:08.732Z]5>object[4] after step : game-object[4]
[2026-04-15T06:11:08.732Z]5>object[5] after step : game-object[5]
[2026-04-15T06:11:08.732Z]5>object[6] after step : game-object[6]
[2026-04-15T06:11:08.732Z]5>object[7] after step : game-object[7]
[2026-04-15T06:11:08.732Z]5>object[8] after step : game-object[8]
[2026-04-15T06:11:08.732Z]5>object[9] after step : game-object[9]
[2026-04-15T06:11:08.732Z]5>object[10] after step : game-object[10]
[2026-04-15T06:11:08.732Z]5>object[11] after step : game-object[11]
[2026-04-15T06:11:08.732Z]5>object[12] after step : game-object[12]
[2026-04-15T06:11:08.732Z]5>object[13] after step : game-object[13]
[2026-04-15T06:11:08.732Z]5>object[14] after step : game-object[14]
[2026-04-15T06:11:08.732Z]5>object[15] after step : game-object[15]
[2026-04-15T06:11:08.732Z]5>object[16] after step : game-object[16]
[2026-04-15T06:11:08.732Z]5>object[17] after step : game-object[17]
[2026-04-15T06:11:08.732Z]5>object[18] after step : game-object[18]
[2026-04-15T06:11:08.732Z]5>object[19] after step : game-object[19]
[2026-04-15T06:11:08.732Z]5>object[20] after step : game-object[20]
[2026-04-15T06:11:08.733Z]5>========== sending world update 5 to room /lobby is delta update: true ==========
[2026-04-15T06:11:08.733Z]5>========== sending world update 5 to room match:2DRJTC is delta update: false ==========
[2026-04-15T06:11:08.751Z]6>object[1] after step : game-object[1]
[2026-04-15T06:11:08.751Z]6>object[2] after step : game-object[2]
[2026-04-15T06:11:08.751Z]6>object[3] after step : game-object[3]
[2026-04-15T06:11:08.751Z]6>object[4] after step : game-object[4]
[2026-04-15T06:11:08.751Z]6>object[5] after step : game-object[5]
[2026-04-15T06:11:08.751Z]6>object[6] after step : game-object[6]
[2026-04-15T06:11:08.751Z]6>object[7] after step : game-object[7]
[2026-04-15T06:11:08.751Z]6>object[8] after step : game-object[8]
[2026-04-15T06:11:08.751Z]6>object[9] after step : game-object[9]
[2026-04-15T06:11:08.751Z]6>object[10] after step : game-object[10]
[2026-04-15T06:11:08.751Z]6>object[11] after step : game-object[11]
[2026-04-15T06:11:08.751Z]6>object[12] after step : game-object[12]
[2026-04-15T06:11:08.751Z]6>object[13] after step : game-object[13]
[2026-04-15T06:11:08.751Z]6>object[14] after step : game-object[14]
[2026-04-15T06:11:08.751Z]6>object[15] after step : game-object[15]
[2026-04-15T06:11:08.751Z]6>object[16] after step : game-object[16]
[2026-04-15T06:11:08.751Z]6>object[17] after step : game-object[17]
[2026-04-15T06:11:08.751Z]6>object[18] after step : game-object[18]
[2026-04-15T06:11:08.751Z]6>object[19] after step : game-object[19]
[2026-04-15T06:11:08.751Z]6>object[20] after step : game-object[20]
[2026-04-15T06:11:08.751Z]6>========== sending world update 6 to room /lobby is delta update: true ==========
[2026-04-15T06:11:08.751Z]6>========== sending world update 6 to room match:2DRJTC is delta update: true ==========
[2026-04-15T06:11:08.770Z]7>object[1] after step : game-object[1]
[2026-04-15T06:11:08.770Z]7>object[2] after step : game-object[2]
[2026-04-15T06:11:08.770Z]7>object[3] after step : game-object[3]
[2026-04-15T06:11:08.770Z]7>object[4] after step : game-object[4]
[2026-04-15T06:11:08.770Z]7>object[5] after step : game-object[5]
[2026-04-15T06:11:08.770Z]7>object[6] after step : game-object[6]
[2026-04-15T06:11:08.770Z]7>object[7] after step : game-object[7]
[2026-04-15T06:11:08.770Z]7>object[8] after step : game-object[8]
[2026-04-15T06:11:08.770Z]7>object[9] after step : game-object[9]
[2026-04-15T06:11:08.770Z]7>object[10] after step : game-object[10]
[2026-04-15T06:11:08.770Z]7>object[11] after step : game-object[11]
[2026-04-15T06:11:08.770Z]7>object[12] after step : game-object[12]
[2026-04-15T06:11:08.770Z]7>object[13] after step : game-object[13]
[2026-04-15T06:11:08.770Z]7>object[14] after step : game-object[14]
[2026-04-15T06:11:08.770Z]7>object[15] after step : game-object[15]
[2026-04-15T06:11:08.770Z]7>object[16] after step : game-object[16]
[2026-04-15T06:11:08.770Z]7>object[17] after step : game-object[17]
[2026-04-15T06:11:08.770Z]7>object[18] after step : game-object[18]
[2026-04-15T06:11:08.770Z]7>object[19] after step : game-object[19]
[2026-04-15T06:11:08.770Z]7>object[20] after step : game-object[20]
[2026-04-15T06:11:08.788Z]8>object[1] after step : game-object[1]
[2026-04-15T06:11:08.788Z]8>object[2] after step : game-object[2]
[2026-04-15T06:11:08.788Z]8>object[3] after step : game-object[3]
[2026-04-15T06:11:08.788Z]8>object[4] after step : game-object[4]
[2026-04-15T06:11:08.788Z]8>object[5] after step : game-object[5]
[2026-04-15T06:11:08.788Z]8>object[6] after step : game-object[6]
[2026-04-15T06:11:08.788Z]8>object[7] after step : game-object[7]
[2026-04-15T06:11:08.788Z]8>object[8] after step : game-object[8]
[2026-04-15T06:11:08.788Z]8>object[9] after step : game-object[9]
[2026-04-15T06:11:08.788Z]8>object[10] after step : game-object[10]
[2026-04-15T06:11:08.788Z]8>object[11] after step : game-object[11]
[2026-04-15T06:11:08.788Z]8>object[12] after step : game-object[12]
[2026-04-15T06:11:08.788Z]8>object[13] after step : game-object[13]
[2026-04-15T06:11:08.788Z]8>object[14] after step : game-object[14]
[2026-04-15T06:11:08.788Z]8>object[15] after step : game-object[15]
[2026-04-15T06:11:08.788Z]8>object[16] after step : game-object[16]
[2026-04-15T06:11:08.788Z]8>object[17] after step : game-object[17]
[2026-04-15T06:11:08.788Z]8>object[18] after step : game-object[18]
[2026-04-15T06:11:08.788Z]8>object[19] after step : game-object[19]
[2026-04-15T06:11:08.788Z]8>object[20] after step : game-object[20]
[2026-04-15T06:11:08.788Z]8>========== sending world update 8 to room /lobby is delta update: true ==========
[2026-04-15T06:11:08.789Z]8>========== sending world update 8 to room match:2DRJTC is delta update: true ==========
[2026-04-15T06:11:08.806Z]9>object[1] after step : game-object[1]
[2026-04-15T06:11:08.806Z]9>object[2] after step : game-object[2]
[2026-04-15T06:11:08.806Z]9>object[3] after step : game-object[3]
[2026-04-15T06:11:08.806Z]9>object[4] after step : game-object[4]
[2026-04-15T06:11:08.806Z]9>object[5] after step : game-object[5]
[2026-04-15T06:11:08.806Z]9>object[6] after step : game-object[6]
[2026-04-15T06:11:08.806Z]9>object[7] after step : game-object[7]
[2026-04-15T06:11:08.806Z]9>object[8] after step : game-object[8]
[2026-04-15T06:11:08.806Z]9>object[9] after step : game-object[9]
[2026-04-15T06:11:08.806Z]9>object[10] after step : game-object[10]
[2026-04-15T06:11:08.806Z]9>object[11] after step : game-object[11]
[2026-04-15T06:11:08.806Z]9>object[12] after step : game-object[12]
[2026-04-15T06:11:08.806Z]9>object[13] after step : game-object[13]
[2026-04-15T06:11:08.806Z]9>object[14] after step : game-object[14]
[2026-04-15T06:11:08.806Z]9>object[15] after step : game-object[15]
[2026-04-15T06:11:08.806Z]9>object[16] after step : game-object[16]
[2026-04-15T06:11:08.806Z]9>object[17] after step : game-object[17]
[2026-04-15T06:11:08.806Z]9>object[18] after step : game-object[18]
[2026-04-15T06:11:08.806Z]9>object[19] after step : game-object[19]
[2026-04-15T06:11:08.806Z]9>object[20] after step : game-object[20]
[2026-04-15T06:11:08.824Z]10>object[1] after step : game-object[1]
[2026-04-15T06:11:08.824Z]10>object[2] after step : game-object[2]
[2026-04-15T06:11:08.824Z]10>object[3] after step : game-object[3]
[2026-04-15T06:11:08.824Z]10>object[4] after step : game-object[4]
[2026-04-15T06:11:08.824Z]10>object[5] after step : game-object[5]
[2026-04-15T06:11:08.824Z]10>object[6] after step : game-object[6]
[2026-04-15T06:11:08.824Z]10>object[7] after step : game-object[7]
[2026-04-15T06:11:08.824Z]10>object[8] after step : game-object[8]
[2026-04-15T06:11:08.824Z]10>object[9] after step : game-object[9]
[2026-04-15T06:11:08.824Z]10>object[10] after step : game-object[10]
[2026-04-15T06:11:08.824Z]10>object[11] after step : game-object[11]
[2026-04-15T06:11:08.824Z]10>object[12] after step : game-object[12]
[2026-04-15T06:11:08.824Z]10>object[13] after step : game-object[13]
[2026-04-15T06:11:08.824Z]10>object[14] after step : game-object[14]
[2026-04-15T06:11:08.824Z]10>object[15] after step : game-object[15]
[2026-04-15T06:11:08.824Z]10>object[16] after step : game-object[16]
[2026-04-15T06:11:08.824Z]10>object[17] after step : game-object[17]
[2026-04-15T06:11:08.824Z]10>object[18] after step : game-object[18]
[2026-04-15T06:11:08.824Z]10>object[19] after step : game-object[19]
[2026-04-15T06:11:08.824Z]10>object[20] after step : game-object[20]
[2026-04-15T06:11:08.824Z]10>========== sending world update 10 to room /lobby is delta update: true ==========
[2026-04-15T06:11:08.824Z]10>========== sending world update 10 to room match:2DRJTC is delta update: true ==========
[2026-04-15T06:11:08.842Z]11>object[1] after step : game-object[1]
[2026-04-15T06:11:08.842Z]11>object[2] after step : game-object[2]
[2026-04-15T06:11:08.842Z]11>object[3] after step : game-object[3]
[2026-04-15T06:11:08.842Z]11>object[4] after step : game-object[4]
[2026-04-15T06:11:08.842Z]11>object[5] after step : game-object[5]
[2026-04-15T06:11:08.842Z]11>object[6] after step : game-object[6]
[2026-04-15T06:11:08.842Z]11>object[7] after step : game-object[7]
[2026-04-15T06:11:08.842Z]11>object[8] after step : game-object[8]
[2026-04-15T06:11:08.842Z]11>object[9] after step : game-object[9]
[2026-04-15T06:11:08.842Z]11>object[10] after step : game-object[10]
[2026-04-15T06:11:08.842Z]11>object[11] after step : game-object[11]
[2026-04-15T06:11:08.842Z]11>object[12] after step : game-object[12]
[2026-04-15T06:11:08.842Z]11>object[13] after step : game-object[13]
[2026-04-15T06:11:08.842Z]11>object[14] after step : game-object[14]
[2026-04-15T06:11:08.842Z]11>object[15] after step : game-object[15]
[2026-04-15T06:11:08.842Z]11>object[16] after step : game-object[16]
[2026-04-15T06:11:08.842Z]11>object[17] after step : game-object[17]
[2026-04-15T06:11:08.842Z]11>object[18] after step : game-object[18]
[2026-04-15T06:11:08.842Z]11>object[19] after step : game-object[19]
[2026-04-15T06:11:08.842Z]11>object[20] after step : game-object[20]
[2026-04-15T06:11:08.861Z]12>object[1] after step : game-object[1]
[2026-04-15T06:11:08.861Z]12>object[2] after step : game-object[2]
[2026-04-15T06:11:08.861Z]12>object[3] after step : game-object[3]
[2026-04-15T06:11:08.861Z]12>object[4] after step : game-object[4]
[2026-04-15T06:11:08.861Z]12>object[5] after step : game-object[5]
[2026-04-15T06:11:08.861Z]12>object[6] after step : game-object[6]
[2026-04-15T06:11:08.861Z]12>object[7] after step : game-object[7]
[2026-04-15T06:11:08.861Z]12>object[8] after step : game-object[8]
[2026-04-15T06:11:08.861Z]12>object[9] after step : game-object[9]
[2026-04-15T06:11:08.861Z]12>object[10] after step : game-object[10]
[2026-04-15T06:11:08.861Z]12>object[11] after step : game-object[11]
[2026-04-15T06:11:08.861Z]12>object[12] after step : game-object[12]
[2026-04-15T06:11:08.861Z]12>object[13] after step : game-object[13]
[2026-04-15T06:11:08.861Z]12>object[14] after step : game-object[14]
[2026-04-15T06:11:08.861Z]12>object[15] after step : game-object[15]
[2026-04-15T06:11:08.861Z]12>object[16] after step : game-object[16]
[2026-04-15T06:11:08.861Z]12>object[17] after step : game-object[17]
[2026-04-15T06:11:08.861Z]12>object[18] after step : game-object[18]
[2026-04-15T06:11:08.861Z]12>object[19] after step : game-object[19]
[2026-04-15T06:11:08.861Z]12>object[20] after step : game-object[20]
[2026-04-15T06:11:08.861Z]12>========== sending world update 12 to room /lobby is delta update: true ==========
[2026-04-15T06:11:08.861Z]12>========== sending world update 12 to room match:2DRJTC is delta update: true ==========
[2026-04-15T06:11:08.878Z]13>object[1] after step : game-object[1]
[2026-04-15T06:11:08.878Z]13>object[2] after step : game-object[2]
[2026-04-15T06:11:08.878Z]13>object[3] after step : game-object[3]
[2026-04-15T06:11:08.878Z]13>object[4] after step : game-object[4]
[2026-04-15T06:11:08.878Z]13>object[5] after step : game-object[5]
[2026-04-15T06:11:08.878Z]13>object[6] after step : game-object[6]
[2026-04-15T06:11:08.878Z]13>object[7] after step : game-object[7]
[2026-04-15T06:11:08.878Z]13>object[8] after step : game-object[8]
[2026-04-15T06:11:08.878Z]13>object[9] after step : game-object[9]
[2026-04-15T06:11:08.878Z]13>object[10] after step : game-object[10]
[2026-04-15T06:11:08.878Z]13>object[11] after step : game-object[11]
[2026-04-15T06:11:08.878Z]13>object[12] after step : game-object[12]
[2026-04-15T06:11:08.878Z]13>object[13] after step : game-object[13]
[2026-04-15T06:11:08.878Z]13>object[14] after step : game-object[14]
[2026-04-15T06:11:08.878Z]13>object[15] after step : game-object[15]
[2026-04-15T06:11:08.878Z]13>object[16] after step : game-object[16]
[2026-04-15T06:11:08.878Z]13>object[17] after step : game-object[17]
[2026-04-15T06:11:08.878Z]13>object[18] after step : game-object[18]
[2026-04-15T06:11:08.878Z]13>object[19] after step : game-object[19]
[2026-04-15T06:11:08.878Z]13>object[20] after step : game-object[20]
[2026-04-15T06:11:08.897Z]14>object[1] after step : game-object[1]
[2026-04-15T06:11:08.897Z]14>object[2] after step : game-object[2]
[2026-04-15T06:11:08.897Z]14>object[3] after step : game-object[3]
[2026-04-15T06:11:08.897Z]14>object[4] after step : game-object[4]
[2026-04-15T06:11:08.897Z]14>object[5] after step : game-object[5]
[2026-04-15T06:11:08.897Z]14>object[6] after step : game-object[6]
[2026-04-15T06:11:08.897Z]14>object[7] after step : game-object[7]
[2026-04-15T06:11:08.897Z]14>object[8] after step : game-object[8]
[2026-04-15T06:11:08.897Z]14>object[9] after step : game-object[9]
[2026-04-15T06:11:08.897Z]14>object[10] after step : game-object[10]
[2026-04-15T06:11:08.897Z]14>object[11] after step : game-object[11]
[2026-04-15T06:11:08.897Z]14>object[12] after step : game-object[12]
[2026-04-15T06:11:08.897Z]14>object[13] after step : game-object[13]
[2026-04-15T06:11:08.897Z]14>object[14] after step : game-object[14]
[2026-04-15T06:11:08.897Z]14>object[15] after step : game-object[15]
[2026-04-15T06:11:08.897Z]14>object[16] after step : game-object[16]
[2026-04-15T06:11:08.897Z]14>object[17] after step : game-object[17]
[2026-04-15T06:11:08.897Z]14>object[18] after step : game-object[18]
[2026-04-15T06:11:08.897Z]14>object[19] after step : game-object[19]
[2026-04-15T06:11:08.897Z]14>object[20] after step : game-object[20]
[2026-04-15T06:11:08.897Z]14>========== sending world update 14 to room /lobby is delta update: true ==========
[2026-04-15T06:11:08.898Z]14>========== sending world update 14 to room match:2DRJTC is delta update: true ==========
[2026-04-15T06:11:08.916Z]15>object[1] after step : game-object[1]
[2026-04-15T06:11:08.916Z]15>object[2] after step : game-object[2]
[2026-04-15T06:11:08.916Z]15>object[3] after step : game-object[3]
[2026-04-15T06:11:08.916Z]15>object[4] after step : game-object[4]
[2026-04-15T06:11:08.916Z]15>object[5] after step : game-object[5]
[2026-04-15T06:11:08.916Z]15>object[6] after step : game-object[6]
[2026-04-15T06:11:08.916Z]15>object[7] after step : game-object[7]
[2026-04-15T06:11:08.916Z]15>object[8] after step : game-object[8]
[2026-04-15T06:11:08.916Z]15>object[9] after step : game-object[9]
[2026-04-15T06:11:08.916Z]15>object[10] after step : game-object[10]
[2026-04-15T06:11:08.916Z]15>object[11] after step : game-object[11]
[2026-04-15T06:11:08.916Z]15>object[12] after step : game-object[12]
[2026-04-15T06:11:08.916Z]15>object[13] after step : game-object[13]
[2026-04-15T06:11:08.916Z]15>object[14] after step : game-object[14]
[2026-04-15T06:11:08.916Z]15>object[15] after step : game-object[15]
[2026-04-15T06:11:08.916Z]15>object[16] after step : game-object[16]
[2026-04-15T06:11:08.916Z]15>object[17] after step : game-object[17]
[2026-04-15T06:11:08.916Z]15>object[18] after step : game-object[18]
[2026-04-15T06:11:08.916Z]15>object[19] after step : game-object[19]
[2026-04-15T06:11:08.916Z]15>object[20] after step : game-object[20]
[2026-04-15T06:11:08.935Z]16>object[1] after step : game-object[1]
[2026-04-15T06:11:08.935Z]16>object[2] after step : game-object[2]
[2026-04-15T06:11:08.935Z]16>object[3] after step : game-object[3]
[2026-04-15T06:11:08.935Z]16>object[4] after step : game-object[4]
[2026-04-15T06:11:08.935Z]16>object[5] after step : game-object[5]
[2026-04-15T06:11:08.935Z]16>object[6] after step : game-object[6]
[2026-04-15T06:11:08.935Z]16>object[7] after step : game-object[7]
[2026-04-15T06:11:08.935Z]16>object[8] after step : game-object[8]
[2026-04-15T06:11:08.935Z]16>object[9] after step : game-object[9]
[2026-04-15T06:11:08.935Z]16>object[10] after step : game-object[10]
[2026-04-15T06:11:08.935Z]16>object[11] after step : game-object[11]
[2026-04-15T06:11:08.935Z]16>object[12] after step : game-object[12]
[2026-04-15T06:11:08.935Z]16>object[13] after step : game-object[13]
[2026-04-15T06:11:08.935Z]16>object[14] after step : game-object[14]
[2026-04-15T06:11:08.935Z]16>object[15] after step : game-object[15]
[2026-04-15T06:11:08.935Z]16>object[16] after step : game-object[16]
[2026-04-15T06:11:08.935Z]16>object[17] after step : game-object[17]
[2026-04-15T06:11:08.935Z]16>object[18] after step : game-object[18]
[2026-04-15T06:11:08.935Z]16>object[19] after step : game-object[19]
[2026-04-15T06:11:08.935Z]16>object[20] after step : game-object[20]
[2026-04-15T06:11:08.935Z]16>========== sending world update 16 to room /lobby is delta update: true ==========
[2026-04-15T06:11:08.936Z]16>========== sending world update 16 to room match:2DRJTC is delta update: true ==========
[2026-04-15T06:11:08.954Z]17>object[1] after step : game-object[1]
[2026-04-15T06:11:08.954Z]17>object[2] after step : game-object[2]
[2026-04-15T06:11:08.954Z]17>object[3] after step : game-object[3]
[2026-04-15T06:11:08.954Z]17>object[4] after step : game-object[4]
[2026-04-15T06:11:08.954Z]17>object[5] after step : game-object[5]
[2026-04-15T06:11:08.954Z]17>object[6] after step : game-object[6]
[2026-04-15T06:11:08.954Z]17>object[7] after step : game-object[7]
[2026-04-15T06:11:08.954Z]17>object[8] after step : game-object[8]
[2026-04-15T06:11:08.954Z]17>object[9] after step : game-object[9]
[2026-04-15T06:11:08.954Z]17>object[10] after step : game-object[10]
[2026-04-15T06:11:08.954Z]17>object[11] after step : game-object[11]
[2026-04-15T06:11:08.954Z]17>object[12] after step : game-object[12]
[2026-04-15T06:11:08.954Z]17>object[13] after step : game-object[13]
[2026-04-15T06:11:08.954Z]17>object[14] after step : game-object[14]
[2026-04-15T06:11:08.954Z]17>object[15] after step : game-object[15]
[2026-04-15T06:11:08.954Z]17>object[16] after step : game-object[16]
[2026-04-15T06:11:08.954Z]17>object[17] after step : game-object[17]
[2026-04-15T06:11:08.954Z]17>object[18] after step : game-object[18]
[2026-04-15T06:11:08.954Z]17>object[19] after step : game-object[19]
[2026-04-15T06:11:08.954Z]17>object[20] after step : game-object[20]
[2026-04-15T06:11:08.971Z]18>object[1] after step : game-object[1]
[2026-04-15T06:11:08.971Z]18>object[2] after step : game-object[2]
[2026-04-15T06:11:08.971Z]18>object[3] after step : game-object[3]
[2026-04-15T06:11:08.971Z]18>object[4] after step : game-object[4]
[2026-04-15T06:11:08.971Z]18>object[5] after step : game-object[5]
[2026-04-15T06:11:08.971Z]18>object[6] after step : game-object[6]
[2026-04-15T06:11:08.971Z]18>object[7] after step : game-object[7]
[2026-04-15T06:11:08.971Z]18>object[8] after step : game-object[8]
[2026-04-15T06:11:08.971Z]18>object[9] after step : game-object[9]
[2026-04-15T06:11:08.971Z]18>object[10] after step : game-object[10]
[2026-04-15T06:11:08.971Z]18>object[11] after step : game-object[11]
[2026-04-15T06:11:08.971Z]18>object[12] after step : game-object[12]
[2026-04-15T06:11:08.971Z]18>object[13] after step : game-object[13]
[2026-04-15T06:11:08.971Z]18>object[14] after step : game-object[14]
[2026-04-15T06:11:08.971Z]18>object[15] after step : game-object[15]
[2026-04-15T06:11:08.971Z]18>object[16] after step : game-object[16]
[2026-04-15T06:11:08.971Z]18>object[17] after step : game-object[17]
[2026-04-15T06:11:08.971Z]18>object[18] after step : game-object[18]
[2026-04-15T06:11:08.971Z]18>object[19] after step : game-object[19]
[2026-04-15T06:11:08.971Z]18>object[20] after step : game-object[20]
[2026-04-15T06:11:08.971Z]18>========== sending world update 18 to room /lobby is delta update: true ==========
[2026-04-15T06:11:08.972Z]18>========== sending world update 18 to room match:2DRJTC is delta update: true ==========
[2026-04-15T06:11:08.987Z]19>object[1] after step : game-object[1]
[2026-04-15T06:11:08.987Z]19>object[2] after step : game-object[2]
[2026-04-15T06:11:08.987Z]19>object[3] after step : game-object[3]
[2026-04-15T06:11:08.987Z]19>object[4] after step : game-object[4]
[2026-04-15T06:11:08.987Z]19>object[5] after step : game-object[5]
[2026-04-15T06:11:08.987Z]19>object[6] after step : game-object[6]
[2026-04-15T06:11:08.987Z]19>object[7] after step : game-object[7]
[2026-04-15T06:11:08.987Z]19>object[8] after step : game-object[8]
[2026-04-15T06:11:08.987Z]19>object[9] after step : game-object[9]
[2026-04-15T06:11:08.987Z]19>object[10] after step : game-object[10]
[2026-04-15T06:11:08.987Z]19>object[11] after step : game-object[11]
[2026-04-15T06:11:08.987Z]19>object[12] after step : game-object[12]
[2026-04-15T06:11:08.987Z]19>object[13] after step : game-object[13]
[2026-04-15T06:11:08.987Z]19>object[14] after step : game-object[14]
[2026-04-15T06:11:08.987Z]19>object[15] after step : game-object[15]
[2026-04-15T06:11:08.987Z]19>object[16] after step : game-object[16]
[2026-04-15T06:11:08.987Z]19>object[17] after step : game-object[17]
[2026-04-15T06:11:08.987Z]19>object[18] after step : game-object[18]
[2026-04-15T06:11:08.987Z]19>object[19] after step : game-object[19]
[2026-04-15T06:11:08.987Z]19>object[20] after step : game-object[20]
[2026-04-15T06:11:09.004Z]20>object[1] after step : game-object[1]
[2026-04-15T06:11:09.004Z]20>object[2] after step : game-object[2]
[2026-04-15T06:11:09.004Z]20>object[3] after step : game-object[3]
[2026-04-15T06:11:09.004Z]20>object[4] after step : game-object[4]
[2026-04-15T06:11:09.004Z]20>object[5] after step : game-object[5]
[2026-04-15T06:11:09.004Z]20>object[6] after step : game-object[6]
[2026-04-15T06:11:09.004Z]20>object[7] after step : game-object[7]
[2026-04-15T06:11:09.004Z]20>object[8] after step : game-object[8]
[2026-04-15T06:11:09.004Z]20>object[9] after step : game-object[9]
[2026-04-15T06:11:09.004Z]20>object[10] after step : game-object[10]
[2026-04-15T06:11:09.004Z]20>object[11] after step : game-object[11]
[2026-04-15T06:11:09.004Z]20>object[12] after step : game-object[12]
[2026-04-15T06:11:09.004Z]20>object[13] after step : game-object[13]
[2026-04-15T06:11:09.004Z]20>object[14] after step : game-object[14]
[2026-04-15T06:11:09.004Z]20>object[15] after step : game-object[15]
[2026-04-15T06:11:09.004Z]20>object[16] after step : game-object[16]
[2026-04-15T06:11:09.004Z]20>object[17] after step : game-object[17]
[2026-04-15T06:11:09.004Z]20>object[18] after step : game-object[18]
[2026-04-15T06:11:09.004Z]20>object[19] after step : game-object[19]
[2026-04-15T06:11:09.004Z]20>object[20] after step : game-object[20]
[2026-04-15T06:11:09.004Z]20>========== sending world update 20 to room /lobby is delta update: true ==========
[2026-04-15T06:11:09.004Z]20>========== sending world update 20 to room match:2DRJTC is delta update: true ==========
[2026-04-15T06:11:09.022Z]21>object[1] after step : game-object[1]
[2026-04-15T06:11:09.022Z]21>object[2] after step : game-object[2]
[2026-04-15T06:11:09.022Z]21>object[3] after step : game-object[3]
[2026-04-15T06:11:09.022Z]21>object[4] after step : game-object[4]
[2026-04-15T06:11:09.022Z]21>object[5] after step : game-object[5]
[2026-04-15T06:11:09.022Z]21>object[6] after step : game-object[6]
[2026-04-15T06:11:09.022Z]21>object[7] after step : game-object[7]
[2026-04-15T06:11:09.022Z]21>object[8] after step : game-object[8]
[2026-04-15T06:11:09.022Z]21>object[9] after step : game-object[9]
[2026-04-15T06:11:09.022Z]21>object[10] after step : game-object[10]
[2026-04-15T06:11:09.022Z]21>object[11] after step : game-object[11]
[2026-04-15T06:11:09.022Z]21>object[12] after step : game-object[12]
[2026-04-15T06:11:09.022Z]21>object[13] after step : game-object[13]
[2026-04-15T06:11:09.022Z]21>object[14] after step : game-object[14]
[2026-04-15T06:11:09.022Z]21>object[15] after step : game-object[15]
[2026-04-15T06:11:09.022Z]21>object[16] after step : game-object[16]
[2026-04-15T06:11:09.022Z]21>object[17] after step : game-object[17]
[2026-04-15T06:11:09.022Z]21>object[18] after step : game-object[18]
[2026-04-15T06:11:09.022Z]21>object[19] after step : game-object[19]
[2026-04-15T06:11:09.022Z]21>object[20] after step : game-object[20]
[2026-04-15T06:11:09.040Z]22>object[1] after step : game-object[1]
[2026-04-15T06:11:09.040Z]22>object[2] after step : game-object[2]
[2026-04-15T06:11:09.040Z]22>object[3] after step : game-object[3]
[2026-04-15T06:11:09.040Z]22>object[4] after step : game-object[4]
[2026-04-15T06:11:09.040Z]22>object[5] after step : game-object[5]
[2026-04-15T06:11:09.040Z]22>object[6] after step : game-object[6]
[2026-04-15T06:11:09.040Z]22>object[7] after step : game-object[7]
[2026-04-15T06:11:09.040Z]22>object[8] after step : game-object[8]
[2026-04-15T06:11:09.040Z]22>object[9] after step : game-object[9]
[2026-04-15T06:11:09.040Z]22>object[10] after step : game-object[10]
[2026-04-15T06:11:09.040Z]22>object[11] after step : game-object[11]
[2026-04-15T06:11:09.040Z]22>object[12] after step : game-object[12]
[2026-04-15T06:11:09.040Z]22>object[13] after step : game-object[13]
[2026-04-15T06:11:09.040Z]22>object[14] after step : game-object[14]
[2026-04-15T06:11:09.040Z]22>object[15] after step : game-object[15]
[2026-04-15T06:11:09.040Z]22>object[16] after step : game-object[16]
[2026-04-15T06:11:09.040Z]22>object[17] after step : game-object[17]
[2026-04-15T06:11:09.040Z]22>object[18] after step : game-object[18]
[2026-04-15T06:11:09.040Z]22>object[19] after step : game-object[19]
[2026-04-15T06:11:09.040Z]22>object[20] after step : game-object[20]
[2026-04-15T06:11:09.040Z]22>========== sending world update 22 to room /lobby is delta update: true ==========
[2026-04-15T06:11:09.040Z]22>========== sending world update 22 to room match:2DRJTC is delta update: true ==========
[2026-04-15T06:11:09.058Z]23>object[1] after step : game-object[1]
[2026-04-15T06:11:09.058Z]23>object[2] after step : game-object[2]
[2026-04-15T06:11:09.058Z]23>object[3] after step : game-object[3]
[2026-04-15T06:11:09.058Z]23>object[4] after step : game-object[4]
[2026-04-15T06:11:09.058Z]23>object[5] after step : game-object[5]
[2026-04-15T06:11:09.058Z]23>object[6] after step : game-object[6]
[2026-04-15T06:11:09.058Z]23>object[7] after step : game-object[7]
[2026-04-15T06:11:09.058Z]23>object[8] after step : game-object[8]
[2026-04-15T06:11:09.058Z]23>object[9] after step : game-object[9]
[2026-04-15T06:11:09.058Z]23>object[10] after step : game-object[10]
[2026-04-15T06:11:09.058Z]23>object[11] after step : game-object[11]
[2026-04-15T06:11:09.058Z]23>object[12] after step : game-object[12]
[2026-04-15T06:11:09.059Z]23>object[13] after step : game-object[13]
[2026-04-15T06:11:09.059Z]23>object[14] after step : game-object[14]
[2026-04-15T06:11:09.059Z]23>object[15] after step : game-object[15]
[2026-04-15T06:11:09.059Z]23>object[16] after step : game-object[16]
[2026-04-15T06:11:09.059Z]23>object[17] after step : game-object[17]
[2026-04-15T06:11:09.059Z]23>object[18] after step : game-object[18]
[2026-04-15T06:11:09.059Z]23>object[19] after step : game-object[19]
[2026-04-15T06:11:09.059Z]23>object[20] after step : game-object[20]
[2026-04-15T06:11:09.076Z]24>object[1] after step : game-object[1]
[2026-04-15T06:11:09.076Z]24>object[2] after step : game-object[2]
[2026-04-15T06:11:09.076Z]24>object[3] after step : game-object[3]
[2026-04-15T06:11:09.076Z]24>object[4] after step : game-object[4]
[2026-04-15T06:11:09.076Z]24>object[5] after step : game-object[5]
[2026-04-15T06:11:09.076Z]24>object[6] after step : game-object[6]
[2026-04-15T06:11:09.076Z]24>object[7] after step : game-object[7]
[2026-04-15T06:11:09.076Z]24>object[8] after step : game-object[8]
[2026-04-15T06:11:09.076Z]24>object[9] after step : game-object[9]
[2026-04-15T06:11:09.076Z]24>object[10] after step : game-object[10]
[2026-04-15T06:11:09.076Z]24>object[11] after step : game-object[11]
[2026-04-15T06:11:09.076Z]24>object[12] after step : game-object[12]
[2026-04-15T06:11:09.076Z]24>object[13] after step : game-object[13]
[2026-04-15T06:11:09.076Z]24>object[14] after step : game-object[14]
[2026-04-15T06:11:09.076Z]24>object[15] after step : game-object[15]
[2026-04-15T06:11:09.076Z]24>object[16] after step : game-object[16]
[2026-04-15T06:11:09.076Z]24>object[17] after step : game-object[17]
[2026-04-15T06:11:09.076Z]24>object[18] after step : game-object[18]
[2026-04-15T06:11:09.076Z]24>object[19] after step : game-object[19]
[2026-04-15T06:11:09.076Z]24>object[20] after step : game-object[20]
[2026-04-15T06:11:09.076Z]24>========== sending world update 24 to room /lobby is delta update: true ==========
[2026-04-15T06:11:09.076Z]24>========== sending world update 24 to room match:2DRJTC is delta update: true ==========
[2026-04-15T06:11:09.094Z]25>object[1] after step : game-object[1]
[2026-04-15T06:11:09.094Z]25>object[2] after step : game-object[2]
[2026-04-15T06:11:09.094Z]25>object[3] after step : game-object[3]
[2026-04-15T06:11:09.094Z]25>object[4] after step : game-object[4]
[2026-04-15T06:11:09.094Z]25>object[5] after step : game-object[5]
[2026-04-15T06:11:09.094Z]25>object[6] after step : game-object[6]
[2026-04-15T06:11:09.094Z]25>object[7] after step : game-object[7]
[2026-04-15T06:11:09.094Z]25>object[8] after step : game-object[8]
[2026-04-15T06:11:09.094Z]25>object[9] after step : game-object[9]
[2026-04-15T06:11:09.094Z]25>object[10] after step : game-object[10]
[2026-04-15T06:11:09.094Z]25>object[11] after step : game-object[11]
[2026-04-15T06:11:09.094Z]25>object[12] after step : game-object[12]
[2026-04-15T06:11:09.094Z]25>object[13] after step : game-object[13]
[2026-04-15T06:11:09.094Z]25>object[14] after step : game-object[14]
[2026-04-15T06:11:09.094Z]25>object[15] after step : game-object[15]
[2026-04-15T06:11:09.094Z]25>object[16] after step : game-object[16]
[2026-04-15T06:11:09.094Z]25>object[17] after step : game-object[17]
[2026-04-15T06:11:09.094Z]25>object[18] after step : game-object[18]
[2026-04-15T06:11:09.094Z]25>object[19] after step : game-object[19]
[2026-04-15T06:11:09.094Z]25>object[20] after step : game-object[20]
[2026-04-15T06:11:09.113Z]26>object[1] after step : game-object[1]
[2026-04-15T06:11:09.113Z]26>object[2] after step : game-object[2]
[2026-04-15T06:11:09.113Z]26>object[3] after step : game-object[3]
[2026-04-15T06:11:09.113Z]26>object[4] after step : game-object[4]
[2026-04-15T06:11:09.113Z]26>object[5] after step : game-object[5]
[2026-04-15T06:11:09.113Z]26>object[6] after step : game-object[6]
[2026-04-15T06:11:09.113Z]26>object[7] after step : game-object[7]
[2026-04-15T06:11:09.113Z]26>object[8] after step : game-object[8]
[2026-04-15T06:11:09.113Z]26>object[9] after step : game-object[9]
[2026-04-15T06:11:09.113Z]26>object[10] after step : game-object[10]
[2026-04-15T06:11:09.113Z]26>object[11] after step : game-object[11]
[2026-04-15T06:11:09.113Z]26>object[12] after step : game-object[12]
[2026-04-15T06:11:09.113Z]26>object[13] after step : game-object[13]
[2026-04-15T06:11:09.113Z]26>object[14] after step : game-object[14]
[2026-04-15T06:11:09.113Z]26>object[15] after step : game-object[15]
[2026-04-15T06:11:09.113Z]26>object[16] after step : game-object[16]
[2026-04-15T06:11:09.113Z]26>object[17] after step : game-object[17]
[2026-04-15T06:11:09.113Z]26>object[18] after step : game-object[18]
[2026-04-15T06:11:09.113Z]26>object[19] after step : game-object[19]
[2026-04-15T06:11:09.113Z]26>object[20] after step : game-object[20]
[2026-04-15T06:11:09.113Z]26>========== sending world update 26 to room /lobby is delta update: true ==========
[2026-04-15T06:11:09.113Z]26>========== sending world update 26 to room match:2DRJTC is delta update: true ==========
[2026-04-15T06:11:09.131Z]27>object[1] after step : game-object[1]
[2026-04-15T06:11:09.131Z]27>object[2] after step : game-object[2]
[2026-04-15T06:11:09.131Z]27>object[3] after step : game-object[3]
[2026-04-15T06:11:09.131Z]27>object[4] after step : game-object[4]
[2026-04-15T06:11:09.131Z]27>object[5] after step : game-object[5]
[2026-04-15T06:11:09.131Z]27>object[6] after step : game-object[6]
[2026-04-15T06:11:09.131Z]27>object[7] after step : game-object[7]
[2026-04-15T06:11:09.131Z]27>object[8] after step : game-object[8]
[2026-04-15T06:11:09.131Z]27>object[9] after step : game-object[9]
[2026-04-15T06:11:09.131Z]27>object[10] after step : game-object[10]
[2026-04-15T06:11:09.131Z]27>object[11] after step : game-object[11]
[2026-04-15T06:11:09.131Z]27>object[12] after step : game-object[12]
[2026-04-15T06:11:09.131Z]27>object[13] after step : game-object[13]
[2026-04-15T06:11:09.131Z]27>object[14] after step : game-object[14]
[2026-04-15T06:11:09.131Z]27>object[15] after step : game-object[15]
[2026-04-15T06:11:09.131Z]27>object[16] after step : game-object[16]
[2026-04-15T06:11:09.131Z]27>object[17] after step : game-object[17]
[2026-04-15T06:11:09.131Z]27>object[18] after step : game-object[18]
[2026-04-15T06:11:09.131Z]27>object[19] after step : game-object[19]
[2026-04-15T06:11:09.131Z]27>object[20] after step : game-object[20]
[2026-04-15T06:11:09.147Z]28>object[1] after step : game-object[1]
[2026-04-15T06:11:09.147Z]28>object[2] after step : game-object[2]
[2026-04-15T06:11:09.147Z]28>object[3] after step : game-object[3]
[2026-04-15T06:11:09.147Z]28>object[4] after step : game-object[4]
[2026-04-15T06:11:09.147Z]28>object[5] after step : game-object[5]
[2026-04-15T06:11:09.147Z]28>object[6] after step : game-object[6]
[2026-04-15T06:11:09.147Z]28>object[7] after step : game-object[7]
[2026-04-15T06:11:09.147Z]28>object[8] after step : game-object[8]
[2026-04-15T06:11:09.147Z]28>object[9] after step : game-object[9]
[2026-04-15T06:11:09.147Z]28>object[10] after step : game-object[10]
[2026-04-15T06:11:09.147Z]28>object[11] after step : game-object[11]
[2026-04-15T06:11:09.147Z]28>object[12] after step : game-object[12]
[2026-04-15T06:11:09.147Z]28>object[13] after step : game-object[13]
[2026-04-15T06:11:09.147Z]28>object[14] after step : game-object[14]
[2026-04-15T06:11:09.147Z]28>object[15] after step : game-object[15]
[2026-04-15T06:11:09.147Z]28>object[16] after step : game-object[16]
[2026-04-15T06:11:09.147Z]28>object[17] after step : game-object[17]
[2026-04-15T06:11:09.147Z]28>object[18] after step : game-object[18]
[2026-04-15T06:11:09.147Z]28>object[19] after step : game-object[19]
[2026-04-15T06:11:09.147Z]28>object[20] after step : game-object[20]
[2026-04-15T06:11:09.147Z]28>========== sending world update 28 to room /lobby is delta update: true ==========
[2026-04-15T06:11:09.147Z]28>========== sending world update 28 to room match:2DRJTC is delta update: true ==========
[2026-04-15T06:11:09.166Z]29>object[1] after step : game-object[1]
[2026-04-15T06:11:09.166Z]29>object[2] after step : game-object[2]
[2026-04-15T06:11:09.166Z]29>object[3] after step : game-object[3]
[2026-04-15T06:11:09.166Z]29>object[4] after step : game-object[4]
[2026-04-15T06:11:09.166Z]29>object[5] after step : game-object[5]
[2026-04-15T06:11:09.166Z]29>object[6] after step : game-object[6]
[2026-04-15T06:11:09.166Z]29>object[7] after step : game-object[7]
[2026-04-15T06:11:09.166Z]29>object[8] after step : game-object[8]
[2026-04-15T06:11:09.166Z]29>object[9] after step : game-object[9]
[2026-04-15T06:11:09.166Z]29>object[10] after step : game-object[10]
[2026-04-15T06:11:09.166Z]29>object[11] after step : game-object[11]
[2026-04-15T06:11:09.166Z]29>object[12] after step : game-object[12]
[2026-04-15T06:11:09.166Z]29>object[13] after step : game-object[13]
[2026-04-15T06:11:09.166Z]29>object[14] after step : game-object[14]
[2026-04-15T06:11:09.166Z]29>object[15] after step : game-object[15]
[2026-04-15T06:11:09.166Z]29>object[16] after step : game-object[16]
[2026-04-15T06:11:09.166Z]29>object[17] after step : game-object[17]
[2026-04-15T06:11:09.166Z]29>object[18] after step : game-object[18]
[2026-04-15T06:11:09.166Z]29>object[19] after step : game-object[19]
[2026-04-15T06:11:09.166Z]29>object[20] after step : game-object[20]
[2026-04-15T06:11:09.184Z]30>object[1] after step : game-object[1]
[2026-04-15T06:11:09.184Z]30>object[2] after step : game-object[2]
[2026-04-15T06:11:09.184Z]30>object[3] after step : game-object[3]
[2026-04-15T06:11:09.184Z]30>object[4] after step : game-object[4]
[2026-04-15T06:11:09.184Z]30>object[5] after step : game-object[5]
[2026-04-15T06:11:09.184Z]30>object[6] after step : game-object[6]
[2026-04-15T06:11:09.184Z]30>object[7] after step : game-object[7]
[2026-04-15T06:11:09.184Z]30>object[8] after step : game-object[8]
[2026-04-15T06:11:09.184Z]30>object[9] after step : game-object[9]
[2026-04-15T06:11:09.184Z]30>object[10] after step : game-object[10]
[2026-04-15T06:11:09.184Z]30>object[11] after step : game-object[11]
[2026-04-15T06:11:09.184Z]30>object[12] after step : game-object[12]
[2026-04-15T06:11:09.184Z]30>object[13] after step : game-object[13]
[2026-04-15T06:11:09.184Z]30>object[14] after step : game-object[14]
[2026-04-15T06:11:09.184Z]30>object[15] after step : game-object[15]
[2026-04-15T06:11:09.184Z]30>object[16] after step : game-object[16]
[2026-04-15T06:11:09.184Z]30>object[17] after step : game-object[17]
[2026-04-15T06:11:09.184Z]30>object[18] after step : game-object[18]
[2026-04-15T06:11:09.184Z]30>object[19] after step : game-object[19]
[2026-04-15T06:11:09.184Z]30>object[20] after step : game-object[20]
[2026-04-15T06:11:09.184Z]30>========== sending world update 30 to room /lobby is delta update: true ==========
[2026-04-15T06:11:09.184Z]30>========== sending world update 30 to room match:2DRJTC is delta update: true ==========
[2026-04-15T06:11:09.202Z]31>object[1] after step : game-object[1]
[2026-04-15T06:11:09.202Z]31>object[2] after step : game-object[2]
[2026-04-15T06:11:09.202Z]31>object[3] after step : game-object[3]
[2026-04-15T06:11:09.202Z]31>object[4] after step : game-object[4]
[2026-04-15T06:11:09.202Z]31>object[5] after step : game-object[5]
[2026-04-15T06:11:09.202Z]31>object[6] after step : game-object[6]
[2026-04-15T06:11:09.202Z]31>object[7] after step : game-object[7]
[2026-04-15T06:11:09.202Z]31>object[8] after step : game-object[8]
[2026-04-15T06:11:09.202Z]31>object[9] after step : game-object[9]
[2026-04-15T06:11:09.202Z]31>object[10] after step : game-object[10]
[2026-04-15T06:11:09.202Z]31>object[11] after step : game-object[11]
[2026-04-15T06:11:09.202Z]31>object[12] after step : game-object[12]
[2026-04-15T06:11:09.202Z]31>object[13] after step : game-object[13]
[2026-04-15T06:11:09.202Z]31>object[14] after step : game-object[14]
[2026-04-15T06:11:09.202Z]31>object[15] after step : game-object[15]
[2026-04-15T06:11:09.202Z]31>object[16] after step : game-object[16]
[2026-04-15T06:11:09.202Z]31>object[17] after step : game-object[17]
[2026-04-15T06:11:09.202Z]31>object[18] after step : game-object[18]
[2026-04-15T06:11:09.202Z]31>object[19] after step : game-object[19]
[2026-04-15T06:11:09.202Z]31>object[20] after step : game-object[20]
[2026-04-15T06:11:09.220Z]32>object[1] after step : game-object[1]
[2026-04-15T06:11:09.220Z]32>object[2] after step : game-object[2]
[2026-04-15T06:11:09.220Z]32>object[3] after step : game-object[3]
[2026-04-15T06:11:09.220Z]32>object[4] after step : game-object[4]
[2026-04-15T06:11:09.220Z]32>object[5] after step : game-object[5]
[2026-04-15T06:11:09.220Z]32>object[6] after step : game-object[6]
[2026-04-15T06:11:09.220Z]32>object[7] after step : game-object[7]
[2026-04-15T06:11:09.220Z]32>object[8] after step : game-object[8]
[2026-04-15T06:11:09.220Z]32>object[9] after step : game-object[9]
[2026-04-15T06:11:09.220Z]32>object[10] after step : game-object[10]
[2026-04-15T06:11:09.220Z]32>object[11] after step : game-object[11]
[2026-04-15T06:11:09.220Z]32>object[12] after step : game-object[12]
[2026-04-15T06:11:09.220Z]32>object[13] after step : game-object[13]
[2026-04-15T06:11:09.220Z]32>object[14] after step : game-object[14]
[2026-04-15T06:11:09.220Z]32>object[15] after step : game-object[15]
[2026-04-15T06:11:09.220Z]32>object[16] after step : game-object[16]
[2026-04-15T06:11:09.220Z]32>object[17] after step : game-object[17]
[2026-04-15T06:11:09.220Z]32>object[18] after step : game-object[18]
[2026-04-15T06:11:09.220Z]32>object[19] after step : game-object[19]
[2026-04-15T06:11:09.220Z]32>object[20] after step : game-object[20]
[2026-04-15T06:11:09.220Z]32>========== sending world update 32 to room /lobby is delta update: true ==========
[2026-04-15T06:11:09.220Z]32>========== sending world update 32 to room match:2DRJTC is delta update: true ==========
[2026-04-15T06:11:09.238Z]33>object[1] after step : game-object[1]
[2026-04-15T06:11:09.238Z]33>object[2] after step : game-object[2]
[2026-04-15T06:11:09.238Z]33>object[3] after step : game-object[3]
[2026-04-15T06:11:09.238Z]33>object[4] after step : game-object[4]
[2026-04-15T06:11:09.238Z]33>object[5] after step : game-object[5]
[2026-04-15T06:11:09.238Z]33>object[6] after step : game-object[6]
[2026-04-15T06:11:09.238Z]33>object[7] after step : game-object[7]
[2026-04-15T06:11:09.238Z]33>object[8] after step : game-object[8]
[2026-04-15T06:11:09.238Z]33>object[9] after step : game-object[9]
[2026-04-15T06:11:09.238Z]33>object[10] after step : game-object[10]
[2026-04-15T06:11:09.238Z]33>object[11] after step : game-object[11]
[2026-04-15T06:11:09.238Z]33>object[12] after step : game-object[12]
[2026-04-15T06:11:09.238Z]33>object[13] after step : game-object[13]
[2026-04-15T06:11:09.238Z]33>object[14] after step : game-object[14]
[2026-04-15T06:11:09.238Z]33>object[15] after step : game-object[15]
[2026-04-15T06:11:09.238Z]33>object[16] after step : game-object[16]
[2026-04-15T06:11:09.238Z]33>object[17] after step : game-object[17]
[2026-04-15T06:11:09.238Z]33>object[18] after step : game-object[18]
[2026-04-15T06:11:09.238Z]33>object[19] after step : game-object[19]
[2026-04-15T06:11:09.238Z]33>object[20] after step : game-object[20]
[2026-04-15T06:11:09.255Z]34>object[1] after step : game-object[1]
[2026-04-15T06:11:09.255Z]34>object[2] after step : game-object[2]
[2026-04-15T06:11:09.255Z]34>object[3] after step : game-object[3]
[2026-04-15T06:11:09.255Z]34>object[4] after step : game-object[4]
[2026-04-15T06:11:09.255Z]34>object[5] after step : game-object[5]
[2026-04-15T06:11:09.255Z]34>object[6] after step : game-object[6]
[2026-04-15T06:11:09.255Z]34>object[7] after step : game-object[7]
[2026-04-15T06:11:09.256Z]34>object[8] after step : game-object[8]
[2026-04-15T06:11:09.256Z]34>object[9] after step : game-object[9]
[2026-04-15T06:11:09.256Z]34>object[10] after step : game-object[10]
[2026-04-15T06:11:09.256Z]34>object[11] after step : game-object[11]
[2026-04-15T06:11:09.256Z]34>object[12] after step : game-object[12]
[2026-04-15T06:11:09.256Z]34>object[13] after step : game-object[13]
[2026-04-15T06:11:09.256Z]34>object[14] after step : game-object[14]
[2026-04-15T06:11:09.256Z]34>object[15] after step : game-object[15]
[2026-04-15T06:11:09.256Z]34>object[16] after step : game-object[16]
[2026-04-15T06:11:09.256Z]34>object[17] after step : game-object[17]
[2026-04-15T06:11:09.256Z]34>object[18] after step : game-object[18]
[2026-04-15T06:11:09.256Z]34>object[19] after step : game-object[19]
[2026-04-15T06:11:09.256Z]34>object[20] after step : game-object[20]
[2026-04-15T06:11:09.256Z]34>========== sending world update 34 to room /lobby is delta update: true ==========
[2026-04-15T06:11:09.256Z]34>========== sending world update 34 to room match:2DRJTC is delta update: true ==========
[2026-04-15T06:11:09.272Z]35>object[1] after step : game-object[1]
[2026-04-15T06:11:09.272Z]35>object[2] after step : game-object[2]
[2026-04-15T06:11:09.272Z]35>object[3] after step : game-object[3]
[2026-04-15T06:11:09.272Z]35>object[4] after step : game-object[4]
[2026-04-15T06:11:09.272Z]35>object[5] after step : game-object[5]
[2026-04-15T06:11:09.272Z]35>object[6] after step : game-object[6]
[2026-04-15T06:11:09.272Z]35>object[7] after step : game-object[7]
[2026-04-15T06:11:09.272Z]35>object[8] after step : game-object[8]
[2026-04-15T06:11:09.272Z]35>object[9] after step : game-object[9]
[2026-04-15T06:11:09.272Z]35>object[10] after step : game-object[10]
[2026-04-15T06:11:09.272Z]35>object[11] after step : game-object[11]
[2026-04-15T06:11:09.272Z]35>object[12] after step : game-object[12]
[2026-04-15T06:11:09.272Z]35>object[13] after step : game-object[13]
[2026-04-15T06:11:09.272Z]35>object[14] after step : game-object[14]
[2026-04-15T06:11:09.272Z]35>object[15] after step : game-object[15]
[2026-04-15T06:11:09.272Z]35>object[16] after step : game-object[16]
[2026-04-15T06:11:09.272Z]35>object[17] after step : game-object[17]
[2026-04-15T06:11:09.272Z]35>object[18] after step : game-object[18]
[2026-04-15T06:11:09.272Z]35>object[19] after step : game-object[19]
[2026-04-15T06:11:09.272Z]35>object[20] after step : game-object[20]
[2026-04-15T06:11:09.290Z]36>object[1] after step : game-object[1]
[2026-04-15T06:11:09.290Z]36>object[2] after step : game-object[2]
[2026-04-15T06:11:09.290Z]36>object[3] after step : game-object[3]
[2026-04-15T06:11:09.290Z]36>object[4] after step : game-object[4]
[2026-04-15T06:11:09.290Z]36>object[5] after step : game-object[5]
[2026-04-15T06:11:09.290Z]36>object[6] after step : game-object[6]
[2026-04-15T06:11:09.290Z]36>object[7] after step : game-object[7]
[2026-04-15T06:11:09.290Z]36>object[8] after step : game-object[8]
[2026-04-15T06:11:09.290Z]36>object[9] after step : game-object[9]
[2026-04-15T06:11:09.290Z]36>object[10] after step : game-object[10]
[2026-04-15T06:11:09.290Z]36>object[11] after step : game-object[11]
[2026-04-15T06:11:09.290Z]36>object[12] after step : game-object[12]
[2026-04-15T06:11:09.290Z]36>object[13] after step : game-object[13]
[2026-04-15T06:11:09.290Z]36>object[14] after step : game-object[14]
[2026-04-15T06:11:09.290Z]36>object[15] after step : game-object[15]
[2026-04-15T06:11:09.290Z]36>object[16] after step : game-object[16]
[2026-04-15T06:11:09.290Z]36>object[17] after step : game-object[17]
[2026-04-15T06:11:09.290Z]36>object[18] after step : game-object[18]
[2026-04-15T06:11:09.290Z]36>object[19] after step : game-object[19]
[2026-04-15T06:11:09.290Z]36>object[20] after step : game-object[20]
[2026-04-15T06:11:09.290Z]36>========== sending world update 36 to room /lobby is delta update: true ==========
[2026-04-15T06:11:09.290Z]36>========== sending world update 36 to room match:2DRJTC is delta update: true ==========
[2026-04-15T06:11:09.306Z]37>object[1] after step : game-object[1]
[2026-04-15T06:11:09.306Z]37>object[2] after step : game-object[2]
[2026-04-15T06:11:09.306Z]37>object[3] after step : game-object[3]
[2026-04-15T06:11:09.306Z]37>object[4] after step : game-object[4]
[2026-04-15T06:11:09.306Z]37>object[5] after step : game-object[5]
[2026-04-15T06:11:09.306Z]37>object[6] after step : game-object[6]
[2026-04-15T06:11:09.306Z]37>object[7] after step : game-object[7]
[2026-04-15T06:11:09.306Z]37>object[8] after step : game-object[8]
[2026-04-15T06:11:09.306Z]37>object[9] after step : game-object[9]
[2026-04-15T06:11:09.306Z]37>object[10] after step : game-object[10]
[2026-04-15T06:11:09.306Z]37>object[11] after step : game-object[11]
[2026-04-15T06:11:09.306Z]37>object[12] after step : game-object[12]
[2026-04-15T06:11:09.306Z]37>object[13] after step : game-object[13]
[2026-04-15T06:11:09.306Z]37>object[14] after step : game-object[14]
[2026-04-15T06:11:09.306Z]37>object[15] after step : game-object[15]
[2026-04-15T06:11:09.306Z]37>object[16] after step : game-object[16]
[2026-04-15T06:11:09.306Z]37>object[17] after step : game-object[17]
[2026-04-15T06:11:09.306Z]37>object[18] after step : game-object[18]
[2026-04-15T06:11:09.306Z]37>object[19] after step : game-object[19]
[2026-04-15T06:11:09.306Z]37>object[20] after step : game-object[20]
[2026-04-15T06:11:09.324Z]38>object[1] after step : game-object[1]
[2026-04-15T06:11:09.324Z]38>object[2] after step : game-object[2]
[2026-04-15T06:11:09.324Z]38>object[3] after step : game-object[3]
[2026-04-15T06:11:09.324Z]38>object[4] after step : game-object[4]
[2026-04-15T06:11:09.324Z]38>object[5] after step : game-object[5]
[2026-04-15T06:11:09.324Z]38>object[6] after step : game-object[6]
[2026-04-15T06:11:09.324Z]38>object[7] after step : game-object[7]
[2026-04-15T06:11:09.324Z]38>object[8] after step : game-object[8]
[2026-04-15T06:11:09.324Z]38>object[9] after step : game-object[9]
[2026-04-15T06:11:09.324Z]38>object[10] after step : game-object[10]
[2026-04-15T06:11:09.324Z]38>object[11] after step : game-object[11]
[2026-04-15T06:11:09.324Z]38>object[12] after step : game-object[12]
[2026-04-15T06:11:09.324Z]38>object[13] after step : game-object[13]
[2026-04-15T06:11:09.324Z]38>object[14] after step : game-object[14]
[2026-04-15T06:11:09.324Z]38>object[15] after step : game-object[15]
[2026-04-15T06:11:09.324Z]38>object[16] after step : game-object[16]
[2026-04-15T06:11:09.324Z]38>object[17] after step : game-object[17]
[2026-04-15T06:11:09.324Z]38>object[18] after step : game-object[18]
[2026-04-15T06:11:09.324Z]38>object[19] after step : game-object[19]
[2026-04-15T06:11:09.324Z]38>object[20] after step : game-object[20]
[2026-04-15T06:11:09.324Z]38>========== sending world update 38 to room /lobby is delta update: true ==========
[2026-04-15T06:11:09.324Z]38>========== sending world update 38 to room match:2DRJTC is delta update: true ==========
[2026-04-15T06:11:09.340Z]39>object[1] after step : game-object[1]
[2026-04-15T06:11:09.340Z]39>object[2] after step : game-object[2]
[2026-04-15T06:11:09.340Z]39>object[3] after step : game-object[3]
[2026-04-15T06:11:09.340Z]39>object[4] after step : game-object[4]
[2026-04-15T06:11:09.340Z]39>object[5] after step : game-object[5]
[2026-04-15T06:11:09.340Z]39>object[6] after step : game-object[6]
[2026-04-15T06:11:09.340Z]39>object[7] after step : game-object[7]
[2026-04-15T06:11:09.340Z]39>object[8] after step : game-object[8]
[2026-04-15T06:11:09.340Z]39>object[9] after step : game-object[9]
[2026-04-15T06:11:09.340Z]39>object[10] after step : game-object[10]
[2026-04-15T06:11:09.340Z]39>object[11] after step : game-object[11]
[2026-04-15T06:11:09.340Z]39>object[12] after step : game-object[12]
[2026-04-15T06:11:09.340Z]39>object[13] after step : game-object[13]
[2026-04-15T06:11:09.340Z]39>object[14] after step : game-object[14]
[2026-04-15T06:11:09.340Z]39>object[15] after step : game-object[15]
[2026-04-15T06:11:09.340Z]39>object[16] after step : game-object[16]
[2026-04-15T06:11:09.340Z]39>object[17] after step : game-object[17]
[2026-04-15T06:11:09.340Z]39>object[18] after step : game-object[18]
[2026-04-15T06:11:09.340Z]39>object[19] after step : game-object[19]
[2026-04-15T06:11:09.340Z]39>object[20] after step : game-object[20]
[2026-04-15T06:11:09.357Z]40>object[1] after step : game-object[1]
[2026-04-15T06:11:09.357Z]40>object[2] after step : game-object[2]
[2026-04-15T06:11:09.357Z]40>object[3] after step : game-object[3]
[2026-04-15T06:11:09.357Z]40>object[4] after step : game-object[4]
[2026-04-15T06:11:09.357Z]40>object[5] after step : game-object[5]
[2026-04-15T06:11:09.357Z]40>object[6] after step : game-object[6]
[2026-04-15T06:11:09.357Z]40>object[7] after step : game-object[7]
[2026-04-15T06:11:09.357Z]40>object[8] after step : game-object[8]
[2026-04-15T06:11:09.357Z]40>object[9] after step : game-object[9]
[2026-04-15T06:11:09.357Z]40>object[10] after step : game-object[10]
[2026-04-15T06:11:09.357Z]40>object[11] after step : game-object[11]
[2026-04-15T06:11:09.357Z]40>object[12] after step : game-object[12]
[2026-04-15T06:11:09.357Z]40>object[13] after step : game-object[13]
[2026-04-15T06:11:09.357Z]40>object[14] after step : game-object[14]
[2026-04-15T06:11:09.357Z]40>object[15] after step : game-object[15]
[2026-04-15T06:11:09.357Z]40>object[16] after step : game-object[16]
[2026-04-15T06:11:09.357Z]40>object[17] after step : game-object[17]
[2026-04-15T06:11:09.357Z]40>object[18] after step : game-object[18]
[2026-04-15T06:11:09.357Z]40>object[19] after step : game-object[19]
[2026-04-15T06:11:09.357Z]40>object[20] after step : game-object[20]
[2026-04-15T06:11:09.357Z]40>========== object added game-object[21] ==========
[2026-04-15T06:11:09.357Z]40>========== sending world update 40 to room /lobby is delta update: true ==========
[2026-04-15T06:11:09.358Z]40>========== sending world update 40 to room match:2DRJTC is delta update: true ==========
[2026-04-15T06:11:09.373Z]41>object[1] after step : game-object[1]
[2026-04-15T06:11:09.373Z]41>object[2] after step : game-object[2]
[2026-04-15T06:11:09.373Z]41>object[3] after step : game-object[3]
[2026-04-15T06:11:09.373Z]41>object[4] after step : game-object[4]
[2026-04-15T06:11:09.373Z]41>object[5] after step : game-object[5]
[2026-04-15T06:11:09.373Z]41>object[6] after step : game-object[6]
[2026-04-15T06:11:09.373Z]41>object[7] after step : game-object[7]
[2026-04-15T06:11:09.373Z]41>object[8] after step : game-object[8]
[2026-04-15T06:11:09.373Z]41>object[9] after step : game-object[9]
[2026-04-15T06:11:09.373Z]41>object[10] after step : game-object[10]
[2026-04-15T06:11:09.373Z]41>object[11] after step : game-object[11]
[2026-04-15T06:11:09.373Z]41>object[12] after step : game-object[12]
[2026-04-15T06:11:09.373Z]41>object[13] after step : game-object[13]
[2026-04-15T06:11:09.373Z]41>object[14] after step : game-object[14]
[2026-04-15T06:11:09.373Z]41>object[15] after step : game-object[15]
[2026-04-15T06:11:09.373Z]41>object[16] after step : game-object[16]
[2026-04-15T06:11:09.373Z]41>object[17] after step : game-object[17]
[2026-04-15T06:11:09.373Z]41>object[18] after step : game-object[18]
[2026-04-15T06:11:09.373Z]41>object[19] after step : game-object[19]
[2026-04-15T06:11:09.373Z]41>object[20] after step : game-object[20]
[2026-04-15T06:11:09.374Z]41>object[21] after step : game-object[21]
[2026-04-15T06:11:09.391Z]42>object[1] after step : game-object[1]
[2026-04-15T06:11:09.391Z]42>object[2] after step : game-object[2]
[2026-04-15T06:11:09.391Z]42>object[3] after step : game-object[3]
[2026-04-15T06:11:09.391Z]42>object[4] after step : game-object[4]
[2026-04-15T06:11:09.391Z]42>object[5] after step : game-object[5]
[2026-04-15T06:11:09.391Z]42>object[6] after step : game-object[6]
[2026-04-15T06:11:09.391Z]42>object[7] after step : game-object[7]
[2026-04-15T06:11:09.391Z]42>object[8] after step : game-object[8]
[2026-04-15T06:11:09.391Z]42>object[9] after step : game-object[9]
[2026-04-15T06:11:09.391Z]42>object[10] after step : game-object[10]
[2026-04-15T06:11:09.391Z]42>object[11] after step : game-object[11]
[2026-04-15T06:11:09.391Z]42>object[12] after step : game-object[12]
[2026-04-15T06:11:09.391Z]42>object[13] after step : game-object[13]
[2026-04-15T06:11:09.391Z]42>object[14] after step : game-object[14]
[2026-04-15T06:11:09.391Z]42>object[15] after step : game-object[15]
[2026-04-15T06:11:09.391Z]42>object[16] after step : game-object[16]
[2026-04-15T06:11:09.391Z]42>object[17] after step : game-object[17]
[2026-04-15T06:11:09.391Z]42>object[18] after step : game-object[18]
[2026-04-15T06:11:09.391Z]42>object[19] after step : game-object[19]
[2026-04-15T06:11:09.391Z]42>object[20] after step : game-object[20]
[2026-04-15T06:11:09.391Z]42>object[21] after step : game-object[21]
[2026-04-15T06:11:09.391Z]42>========== sending world update 42 to room /lobby is delta update: true ==========
[2026-04-15T06:11:09.392Z]42>========== sending world update 42 to room match:2DRJTC is delta update: true ==========
[2026-04-15T06:11:09.409Z]43>object[1] after step : game-object[1]
[2026-04-15T06:11:09.409Z]43>object[2] after step : game-object[2]
[2026-04-15T06:11:09.409Z]43>object[3] after step : game-object[3]
[2026-04-15T06:11:09.409Z]43>object[4] after step : game-object[4]
[2026-04-15T06:11:09.409Z]43>object[5] after step : game-object[5]
[2026-04-15T06:11:09.409Z]43>object[6] after step : game-object[6]
[2026-04-15T06:11:09.409Z]43>object[7] after step : game-object[7]
[2026-04-15T06:11:09.409Z]43>object[8] after step : game-object[8]
[2026-04-15T06:11:09.409Z]43>object[9] after step : game-object[9]
[2026-04-15T06:11:09.409Z]43>object[10] after step : game-object[10]
[2026-04-15T06:11:09.409Z]43>object[11] after step : game-object[11]
[2026-04-15T06:11:09.409Z]43>object[12] after step : game-object[12]
[2026-04-15T06:11:09.409Z]43>object[13] after step : game-object[13]
[2026-04-15T06:11:09.409Z]43>object[14] after step : game-object[14]
[2026-04-15T06:11:09.409Z]43>object[15] after step : game-object[15]
[2026-04-15T06:11:09.409Z]43>object[16] after step : game-object[16]
[2026-04-15T06:11:09.409Z]43>object[17] after step : game-object[17]
[2026-04-15T06:11:09.409Z]43>object[18] after step : game-object[18]
[2026-04-15T06:11:09.409Z]43>object[19] after step : game-object[19]
[2026-04-15T06:11:09.409Z]43>object[20] after step : game-object[20]
[2026-04-15T06:11:09.409Z]43>object[21] after step : game-object[21]
[2026-04-15T06:11:09.427Z]44>object[1] after step : game-object[1]
[2026-04-15T06:11:09.427Z]44>object[2] after step : game-object[2]
[2026-04-15T06:11:09.427Z]44>object[3] after step : game-object[3]
[2026-04-15T06:11:09.427Z]44>object[4] after step : game-object[4]
[2026-04-15T06:11:09.427Z]44>object[5] after step : game-object[5]
[2026-04-15T06:11:09.427Z]44>object[6] after step : game-object[6]
[2026-04-15T06:11:09.427Z]44>object[7] after step : game-object[7]
[2026-04-15T06:11:09.427Z]44>object[8] after step : game-object[8]
[2026-04-15T06:11:09.427Z]44>object[9] after step : game-object[9]
[2026-04-15T06:11:09.427Z]44>object[10] after step : game-object[10]
[2026-04-15T06:11:09.427Z]44>object[11] after step : game-object[11]
[2026-04-15T06:11:09.427Z]44>object[12] after step : game-object[12]
[2026-04-15T06:11:09.427Z]44>object[13] after step : game-object[13]
[2026-04-15T06:11:09.427Z]44>object[14] after step : game-object[14]
[2026-04-15T06:11:09.427Z]44>object[15] after step : game-object[15]
[2026-04-15T06:11:09.427Z]44>object[16] after step : game-object[16]
[2026-04-15T06:11:09.427Z]44>object[17] after step : game-object[17]
[2026-04-15T06:11:09.427Z]44>object[18] after step : game-object[18]
[2026-04-15T06:11:09.427Z]44>object[19] after step : game-object[19]
[2026-04-15T06:11:09.427Z]44>object[20] after step : game-object[20]
[2026-04-15T06:11:09.427Z]44>object[21] after step : game-object[21]
[2026-04-15T06:11:09.427Z]44>========== sending world update 44 to room /lobby is delta update: true ==========
[2026-04-15T06:11:09.427Z]44>========== sending world update 44 to room match:2DRJTC is delta update: true ==========
[2026-04-15T06:11:09.443Z]45>object[1] after step : game-object[1]
[2026-04-15T06:11:09.443Z]45>object[2] after step : game-object[2]
[2026-04-15T06:11:09.443Z]45>object[3] after step : game-object[3]
[2026-04-15T06:11:09.443Z]45>object[4] after step : game-object[4]
[2026-04-15T06:11:09.443Z]45>object[5] after step : game-object[5]
[2026-04-15T06:11:09.443Z]45>object[6] after step : game-object[6]
[2026-04-15T06:11:09.443Z]45>object[7] after step : game-object[7]
[2026-04-15T06:11:09.443Z]45>object[8] after step : game-object[8]
[2026-04-15T06:11:09.443Z]45>object[9] after step : game-object[9]
[2026-04-15T06:11:09.443Z]45>object[10] after step : game-object[10]
[2026-04-15T06:11:09.443Z]45>object[11] after step : game-object[11]
[2026-04-15T06:11:09.443Z]45>object[12] after step : game-object[12]
[2026-04-15T06:11:09.443Z]45>object[13] after step : game-object[13]
[2026-04-15T06:11:09.443Z]45>object[14] after step : game-object[14]
[2026-04-15T06:11:09.443Z]45>object[15] after step : game-object[15]
[2026-04-15T06:11:09.443Z]45>object[16] after step : game-object[16]
[2026-04-15T06:11:09.443Z]45>object[17] after step : game-object[17]
[2026-04-15T06:11:09.443Z]45>object[18] after step : game-object[18]
[2026-04-15T06:11:09.443Z]45>object[19] after step : game-object[19]
[2026-04-15T06:11:09.443Z]45>object[20] after step : game-object[20]
[2026-04-15T06:11:09.443Z]45>object[21] after step : game-object[21]
[2026-04-15T06:11:09.461Z]46>object[1] after step : game-object[1]
[2026-04-15T06:11:09.461Z]46>object[2] after step : game-object[2]
[2026-04-15T06:11:09.461Z]46>object[3] after step : game-object[3]
[2026-04-15T06:11:09.461Z]46>object[4] after step : game-object[4]
[2026-04-15T06:11:09.461Z]46>object[5] after step : game-object[5]
[2026-04-15T06:11:09.461Z]46>object[6] after step : game-object[6]
[2026-04-15T06:11:09.461Z]46>object[7] after step : game-object[7]
[2026-04-15T06:11:09.461Z]46>object[8] after step : game-object[8]
[2026-04-15T06:11:09.461Z]46>object[9] after step : game-object[9]
[2026-04-15T06:11:09.461Z]46>object[10] after step : game-object[10]
[2026-04-15T06:11:09.461Z]46>object[11] after step : game-object[11]
[2026-04-15T06:11:09.461Z]46>object[12] after step : game-object[12]
[2026-04-15T06:11:09.461Z]46>object[13] after step : game-object[13]
[2026-04-15T06:11:09.461Z]46>object[14] after step : game-object[14]
[2026-04-15T06:11:09.461Z]46>object[15] after step : game-object[15]
[2026-04-15T06:11:09.461Z]46>object[16] after step : game-object[16]
[2026-04-15T06:11:09.461Z]46>object[17] after step : game-object[17]
[2026-04-15T06:11:09.461Z]46>object[18] after step : game-object[18]
[2026-04-15T06:11:09.461Z]46>object[19] after step : game-object[19]
[2026-04-15T06:11:09.461Z]46>object[20] after step : game-object[20]
[2026-04-15T06:11:09.461Z]46>object[21] after step : game-object[21]
[2026-04-15T06:11:09.461Z]46>========== sending world update 46 to room /lobby is delta update: true ==========
[2026-04-15T06:11:09.461Z]46>========== sending world update 46 to room match:2DRJTC is delta update: true ==========
[2026-04-15T06:11:09.478Z]47>object[1] after step : game-object[1]
[2026-04-15T06:11:09.478Z]47>object[2] after step : game-object[2]
[2026-04-15T06:11:09.478Z]47>object[3] after step : game-object[3]
[2026-04-15T06:11:09.478Z]47>object[4] after step : game-object[4]
[2026-04-15T06:11:09.478Z]47>object[5] after step : game-object[5]
[2026-04-15T06:11:09.478Z]47>object[6] after step : game-object[6]
[2026-04-15T06:11:09.478Z]47>object[7] after step : game-object[7]
[2026-04-15T06:11:09.478Z]47>object[8] after step : game-object[8]
[2026-04-15T06:11:09.478Z]47>object[9] after step : game-object[9]
[2026-04-15T06:11:09.478Z]47>object[10] after step : game-object[10]
[2026-04-15T06:11:09.478Z]47>object[11] after step : game-object[11]
[2026-04-15T06:11:09.478Z]47>object[12] after step : game-object[12]
[2026-04-15T06:11:09.478Z]47>object[13] after step : game-object[13]
[2026-04-15T06:11:09.478Z]47>object[14] after step : game-object[14]
[2026-04-15T06:11:09.478Z]47>object[15] after step : game-object[15]
[2026-04-15T06:11:09.478Z]47>object[16] after step : game-object[16]
[2026-04-15T06:11:09.478Z]47>object[17] after step : game-object[17]
[2026-04-15T06:11:09.478Z]47>object[18] after step : game-object[18]
[2026-04-15T06:11:09.478Z]47>object[19] after step : game-object[19]
[2026-04-15T06:11:09.478Z]47>object[20] after step : game-object[20]
[2026-04-15T06:11:09.478Z]47>object[21] after step : game-object[21]
[2026-04-15T06:11:09.496Z]48>object[1] after step : game-object[1]
[2026-04-15T06:11:09.496Z]48>object[2] after step : game-object[2]
[2026-04-15T06:11:09.496Z]48>object[3] after step : game-object[3]
[2026-04-15T06:11:09.496Z]48>object[4] after step : game-object[4]
[2026-04-15T06:11:09.496Z]48>object[5] after step : game-object[5]
[2026-04-15T06:11:09.496Z]48>object[6] after step : game-object[6]
[2026-04-15T06:11:09.496Z]48>object[7] after step : game-object[7]
[2026-04-15T06:11:09.496Z]48>object[8] after step : game-object[8]
[2026-04-15T06:11:09.496Z]48>object[9] after step : game-object[9]
[2026-04-15T06:11:09.496Z]48>object[10] after step : game-object[10]
[2026-04-15T06:11:09.496Z]48>object[11] after step : game-object[11]
[2026-04-15T06:11:09.496Z]48>object[12] after step : game-object[12]
[2026-04-15T06:11:09.496Z]48>object[13] after step : game-object[13]
[2026-04-15T06:11:09.496Z]48>object[14] after step : game-object[14]
[2026-04-15T06:11:09.496Z]48>object[15] after step : game-object[15]
[2026-04-15T06:11:09.496Z]48>object[16] after step : game-object[16]
[2026-04-15T06:11:09.496Z]48>object[17] after step : game-object[17]
[2026-04-15T06:11:09.496Z]48>object[18] after step : game-object[18]
[2026-04-15T06:11:09.496Z]48>object[19] after step : game-object[19]
[2026-04-15T06:11:09.496Z]48>object[20] after step : game-object[20]
[2026-04-15T06:11:09.496Z]48>object[21] after step : game-object[21]
[2026-04-15T06:11:09.497Z]48>========== sending world update 48 to room /lobby is delta update: true ==========
[2026-04-15T06:11:09.497Z]48>========== sending world update 48 to room match:2DRJTC is delta update: true ==========
[2026-04-15T06:11:09.514Z]49>object[1] after step : game-object[1]
[2026-04-15T06:11:09.514Z]49>object[2] after step : game-object[2]
[2026-04-15T06:11:09.514Z]49>object[3] after step : game-object[3]
[2026-04-15T06:11:09.514Z]49>object[4] after step : game-object[4]
[2026-04-15T06:11:09.514Z]49>object[5] after step : game-object[5]
[2026-04-15T06:11:09.514Z]49>object[6] after step : game-object[6]
[2026-04-15T06:11:09.514Z]49>object[7] after step : game-object[7]
[2026-04-15T06:11:09.514Z]49>object[8] after step : game-object[8]
[2026-04-15T06:11:09.514Z]49>object[9] after step : game-object[9]
[2026-04-15T06:11:09.514Z]49>object[10] after step : game-object[10]
[2026-04-15T06:11:09.514Z]49>object[11] after step : game-object[11]
[2026-04-15T06:11:09.514Z]49>object[12] after step : game-object[12]
[2026-04-15T06:11:09.514Z]49>object[13] after step : game-object[13]
[2026-04-15T06:11:09.514Z]49>object[14] after step : game-object[14]
[2026-04-15T06:11:09.514Z]49>object[15] after step : game-object[15]
[2026-04-15T06:11:09.514Z]49>object[16] after step : game-object[16]
[2026-04-15T06:11:09.514Z]49>object[17] after step : game-object[17]
[2026-04-15T06:11:09.514Z]49>object[18] after step : game-object[18]
[2026-04-15T06:11:09.514Z]49>object[19] after step : game-object[19]
[2026-04-15T06:11:09.514Z]49>object[20] after step : game-object[20]
[2026-04-15T06:11:09.514Z]49>object[21] after step : game-object[21]
[2026-04-15T06:11:09.532Z]50>object[1] after step : game-object[1]
[2026-04-15T06:11:09.532Z]50>object[2] after step : game-object[2]
[2026-04-15T06:11:09.532Z]50>object[3] after step : game-object[3]
[2026-04-15T06:11:09.532Z]50>object[4] after step : game-object[4]
[2026-04-15T06:11:09.532Z]50>object[5] after step : game-object[5]
[2026-04-15T06:11:09.532Z]50>object[6] after step : game-object[6]
[2026-04-15T06:11:09.532Z]50>object[7] after step : game-object[7]
[2026-04-15T06:11:09.532Z]50>object[8] after step : game-object[8]
[2026-04-15T06:11:09.532Z]50>object[9] after step : game-object[9]
[2026-04-15T06:11:09.532Z]50>object[10] after step : game-object[10]
[2026-04-15T06:11:09.532Z]50>object[11] after step : game-object[11]
[2026-04-15T06:11:09.532Z]50>object[12] after step : game-object[12]
[2026-04-15T06:11:09.532Z]50>object[13] after step : game-object[13]
[2026-04-15T06:11:09.532Z]50>object[14] after step : game-object[14]
[2026-04-15T06:11:09.532Z]50>object[15] after step : game-object[15]
[2026-04-15T06:11:09.532Z]50>object[16] after step : game-object[16]
[2026-04-15T06:11:09.532Z]50>object[17] after step : game-object[17]
[2026-04-15T06:11:09.532Z]50>object[18] after step : game-object[18]
[2026-04-15T06:11:09.532Z]50>object[19] after step : game-object[19]
[2026-04-15T06:11:09.532Z]50>object[20] after step : game-object[20]
[2026-04-15T06:11:09.532Z]50>object[21] after step : game-object[21]
[2026-04-15T06:11:09.533Z]50>========== sending world update 50 to room /lobby is delta update: true ==========
[2026-04-15T06:11:09.533Z]50>========== sending world update 50 to room match:2DRJTC is delta update: true ==========
[2026-04-15T06:11:09.549Z]51>object[1] after step : game-object[1]
[2026-04-15T06:11:09.549Z]51>object[2] after step : game-object[2]
[2026-04-15T06:11:09.549Z]51>object[3] after step : game-object[3]
[2026-04-15T06:11:09.549Z]51>object[4] after step : game-object[4]
[2026-04-15T06:11:09.549Z]51>object[5] after step : game-object[5]
[2026-04-15T06:11:09.549Z]51>object[6] after step : game-object[6]
[2026-04-15T06:11:09.549Z]51>object[7] after step : game-object[7]
[2026-04-15T06:11:09.549Z]51>object[8] after step : game-object[8]
[2026-04-15T06:11:09.549Z]51>object[9] after step : game-object[9]
[2026-04-15T06:11:09.549Z]51>object[10] after step : game-object[10]
[2026-04-15T06:11:09.549Z]51>object[11] after step : game-object[11]
[2026-04-15T06:11:09.549Z]51>object[12] after step : game-object[12]
[2026-04-15T06:11:09.549Z]51>object[13] after step : game-object[13]
[2026-04-15T06:11:09.549Z]51>object[14] after step : game-object[14]
[2026-04-15T06:11:09.549Z]51>object[15] after step : game-object[15]
[2026-04-15T06:11:09.549Z]51>object[16] after step : game-object[16]
[2026-04-15T06:11:09.549Z]51>object[17] after step : game-object[17]
[2026-04-15T06:11:09.549Z]51>object[18] after step : game-object[18]
[2026-04-15T06:11:09.549Z]51>object[19] after step : game-object[19]
[2026-04-15T06:11:09.549Z]51>object[20] after step : game-object[20]
[2026-04-15T06:11:09.549Z]51>object[21] after step : game-object[21]
[2026-04-15T06:11:09.568Z]52>object[1] after step : game-object[1]
[2026-04-15T06:11:09.568Z]52>object[2] after step : game-object[2]
[2026-04-15T06:11:09.568Z]52>object[3] after step : game-object[3]
[2026-04-15T06:11:09.568Z]52>object[4] after step : game-object[4]
[2026-04-15T06:11:09.568Z]52>object[5] after step : game-object[5]
[2026-04-15T06:11:09.568Z]52>object[6] after step : game-object[6]
[2026-04-15T06:11:09.568Z]52>object[7] after step : game-object[7]
[2026-04-15T06:11:09.568Z]52>object[8] after step : game-object[8]
[2026-04-15T06:11:09.568Z]52>object[9] after step : game-object[9]
[2026-04-15T06:11:09.568Z]52>object[10] after step : game-object[10]
[2026-04-15T06:11:09.568Z]52>object[11] after step : game-object[11]
[2026-04-15T06:11:09.568Z]52>object[12] after step : game-object[12]
[2026-04-15T06:11:09.568Z]52>object[13] after step : game-object[13]
[2026-04-15T06:11:09.568Z]52>object[14] after step : game-object[14]
[2026-04-15T06:11:09.568Z]52>object[15] after step : game-object[15]
[2026-04-15T06:11:09.568Z]52>object[16] after step : game-object[16]
[2026-04-15T06:11:09.568Z]52>object[17] after step : game-object[17]
[2026-04-15T06:11:09.568Z]52>object[18] after step : game-object[18]
[2026-04-15T06:11:09.568Z]52>object[19] after step : game-object[19]
[2026-04-15T06:11:09.568Z]52>object[20] after step : game-object[20]
[2026-04-15T06:11:09.568Z]52>object[21] after step : game-object[21]
[2026-04-15T06:11:09.568Z]52>========== sending world update 52 to room /lobby is delta update: true ==========
[2026-04-15T06:11:09.568Z]52>========== sending world update 52 to room match:2DRJTC is delta update: true ==========
[2026-04-15T06:11:09.586Z]53>object[1] after step : game-object[1]
[2026-04-15T06:11:09.586Z]53>object[2] after step : game-object[2]
[2026-04-15T06:11:09.586Z]53>object[3] after step : game-object[3]
[2026-04-15T06:11:09.586Z]53>object[4] after step : game-object[4]
[2026-04-15T06:11:09.586Z]53>object[5] after step : game-object[5]
[2026-04-15T06:11:09.586Z]53>object[6] after step : game-object[6]
[2026-04-15T06:11:09.586Z]53>object[7] after step : game-object[7]
[2026-04-15T06:11:09.586Z]53>object[8] after step : game-object[8]
[2026-04-15T06:11:09.586Z]53>object[9] after step : game-object[9]
[2026-04-15T06:11:09.586Z]53>object[10] after step : game-object[10]
[2026-04-15T06:11:09.586Z]53>object[11] after step : game-object[11]
[2026-04-15T06:11:09.586Z]53>object[12] after step : game-object[12]
[2026-04-15T06:11:09.586Z]53>object[13] after step : game-object[13]
[2026-04-15T06:11:09.586Z]53>object[14] after step : game-object[14]
[2026-04-15T06:11:09.586Z]53>object[15] after step : game-object[15]
[2026-04-15T06:11:09.586Z]53>object[16] after step : game-object[16]
[2026-04-15T06:11:09.586Z]53>object[17] after step : game-object[17]
[2026-04-15T06:11:09.586Z]53>object[18] after step : game-object[18]
[2026-04-15T06:11:09.586Z]53>object[19] after step : game-object[19]
[2026-04-15T06:11:09.586Z]53>object[20] after step : game-object[20]
[2026-04-15T06:11:09.586Z]53>object[21] after step : game-object[21]
[2026-04-15T06:11:09.605Z]54>object[1] after step : game-object[1]
[2026-04-15T06:11:09.605Z]54>object[2] after step : game-object[2]
[2026-04-15T06:11:09.605Z]54>object[3] after step : game-object[3]
[2026-04-15T06:11:09.605Z]54>object[4] after step : game-object[4]
[2026-04-15T06:11:09.605Z]54>object[5] after step : game-object[5]
[2026-04-15T06:11:09.605Z]54>object[6] after step : game-object[6]
[2026-04-15T06:11:09.605Z]54>object[7] after step : game-object[7]
[2026-04-15T06:11:09.605Z]54>object[8] after step : game-object[8]
[2026-04-15T06:11:09.605Z]54>object[9] after step : game-object[9]
[2026-04-15T06:11:09.605Z]54>object[10] after step : game-object[10]
[2026-04-15T06:11:09.605Z]54>object[11] after step : game-object[11]
[2026-04-15T06:11:09.605Z]54>object[12] after step : game-object[12]
[2026-04-15T06:11:09.605Z]54>object[13] after step : game-object[13]
[2026-04-15T06:11:09.605Z]54>object[14] after step : game-object[14]
[2026-04-15T06:11:09.605Z]54>object[15] after step : game-object[15]
[2026-04-15T06:11:09.605Z]54>object[16] after step : game-object[16]
[2026-04-15T06:11:09.605Z]54>object[17] after step : game-object[17]
[2026-04-15T06:11:09.605Z]54>object[18] after step : game-object[18]
[2026-04-15T06:11:09.605Z]54>object[19] after step : game-object[19]
[2026-04-15T06:11:09.605Z]54>object[20] after step : game-object[20]
[2026-04-15T06:11:09.605Z]54>object[21] after step : game-object[21]
[2026-04-15T06:11:09.605Z]54>========== sending world update 54 to room /lobby is delta update: true ==========
[2026-04-15T06:11:09.606Z]54>========== sending world update 54 to room match:2DRJTC is delta update: true ==========
[2026-04-15T06:11:09.624Z]55>object[1] after step : game-object[1]
[2026-04-15T06:11:09.624Z]55>object[2] after step : game-object[2]
[2026-04-15T06:11:09.624Z]55>object[3] after step : game-object[3]
[2026-04-15T06:11:09.624Z]55>object[4] after step : game-object[4]
[2026-04-15T06:11:09.624Z]55>object[5] after step : game-object[5]
[2026-04-15T06:11:09.624Z]55>object[6] after step : game-object[6]
[2026-04-15T06:11:09.624Z]55>object[7] after step : game-object[7]
[2026-04-15T06:11:09.624Z]55>object[8] after step : game-object[8]
[2026-04-15T06:11:09.624Z]55>object[9] after step : game-object[9]
[2026-04-15T06:11:09.624Z]55>object[10] after step : game-object[10]
[2026-04-15T06:11:09.624Z]55>object[11] after step : game-object[11]
[2026-04-15T06:11:09.624Z]55>object[12] after step : game-object[12]
[2026-04-15T06:11:09.624Z]55>object[13] after step : game-object[13]
[2026-04-15T06:11:09.624Z]55>object[14] after step : game-object[14]
[2026-04-15T06:11:09.624Z]55>object[15] after step : game-object[15]
[2026-04-15T06:11:09.624Z]55>object[16] after step : game-object[16]
[2026-04-15T06:11:09.624Z]55>object[17] after step : game-object[17]
[2026-04-15T06:11:09.624Z]55>object[18] after step : game-object[18]
[2026-04-15T06:11:09.624Z]55>object[19] after step : game-object[19]
[2026-04-15T06:11:09.624Z]55>object[20] after step : game-object[20]
[2026-04-15T06:11:09.624Z]55>object[21] after step : game-object[21]
[2026-04-15T06:11:09.643Z]56>object[1] after step : game-object[1]
[2026-04-15T06:11:09.643Z]56>object[2] after step : game-object[2]
[2026-04-15T06:11:09.643Z]56>object[3] after step : game-object[3]
[2026-04-15T06:11:09.643Z]56>object[4] after step : game-object[4]
[2026-04-15T06:11:09.643Z]56>object[5] after step : game-object[5]
[2026-04-15T06:11:09.643Z]56>object[6] after step : game-object[6]
[2026-04-15T06:11:09.643Z]56>object[7] after step : game-object[7]
[2026-04-15T06:11:09.643Z]56>object[8] after step : game-object[8]
[2026-04-15T06:11:09.643Z]56>object[9] after step : game-object[9]
[2026-04-15T06:11:09.643Z]56>object[10] after step : game-object[10]
[2026-04-15T06:11:09.643Z]56>object[11] after step : game-object[11]
[2026-04-15T06:11:09.643Z]56>object[12] after step : game-object[12]
[2026-04-15T06:11:09.643Z]56>object[13] after step : game-object[13]
[2026-04-15T06:11:09.643Z]56>object[14] after step : game-object[14]
[2026-04-15T06:11:09.643Z]56>object[15] after step : game-object[15]
[2026-04-15T06:11:09.643Z]56>object[16] after step : game-object[16]
[2026-04-15T06:11:09.643Z]56>object[17] after step : game-object[17]
[2026-04-15T06:11:09.643Z]56>object[18] after step : game-object[18]
[2026-04-15T06:11:09.643Z]56>object[19] after step : game-object[19]
[2026-04-15T06:11:09.643Z]56>object[20] after step : game-object[20]
[2026-04-15T06:11:09.643Z]56>object[21] after step : game-object[21]
[2026-04-15T06:11:09.643Z]56>========== sending world update 56 to room /lobby is delta update: true ==========
[2026-04-15T06:11:09.644Z]56>========== sending world update 56 to room match:2DRJTC is delta update: true ==========
[2026-04-15T06:11:09.662Z]57>object[1] after step : game-object[1]
[2026-04-15T06:11:09.662Z]57>object[2] after step : game-object[2]
[2026-04-15T06:11:09.662Z]57>object[3] after step : game-object[3]
[2026-04-15T06:11:09.662Z]57>object[4] after step : game-object[4]
[2026-04-15T06:11:09.662Z]57>object[5] after step : game-object[5]
[2026-04-15T06:11:09.662Z]57>object[6] after step : game-object[6]
[2026-04-15T06:11:09.662Z]57>object[7] after step : game-object[7]
[2026-04-15T06:11:09.662Z]57>object[8] after step : game-object[8]
[2026-04-15T06:11:09.662Z]57>object[9] after step : game-object[9]
[2026-04-15T06:11:09.662Z]57>object[10] after step : game-object[10]
[2026-04-15T06:11:09.662Z]57>object[11] after step : game-object[11]
[2026-04-15T06:11:09.662Z]57>object[12] after step : game-object[12]
[2026-04-15T06:11:09.662Z]57>object[13] after step : game-object[13]
[2026-04-15T06:11:09.662Z]57>object[14] after step : game-object[14]
[2026-04-15T06:11:09.662Z]57>object[15] after step : game-object[15]
[2026-04-15T06:11:09.662Z]57>object[16] after step : game-object[16]
[2026-04-15T06:11:09.662Z]57>object[17] after step : game-object[17]
[2026-04-15T06:11:09.662Z]57>object[18] after step : game-object[18]
[2026-04-15T06:11:09.662Z]57>object[19] after step : game-object[19]
[2026-04-15T06:11:09.662Z]57>object[20] after step : game-object[20]
[2026-04-15T06:11:09.662Z]57>object[21] after step : game-object[21]
[2026-04-15T06:11:09.681Z]58>object[1] after step : game-object[1]
[2026-04-15T06:11:09.681Z]58>object[2] after step : game-object[2]
[2026-04-15T06:11:09.681Z]58>object[3] after step : game-object[3]
[2026-04-15T06:11:09.681Z]58>object[4] after step : game-object[4]
[2026-04-15T06:11:09.681Z]58>object[5] after step : game-object[5]
[2026-04-15T06:11:09.681Z]58>object[6] after step : game-object[6]
[2026-04-15T06:11:09.681Z]58>object[7] after step : game-object[7]
[2026-04-15T06:11:09.681Z]58>object[8] after step : game-object[8]
[2026-04-15T06:11:09.681Z]58>object[9] after step : game-object[9]
[2026-04-15T06:11:09.681Z]58>object[10] after step : game-object[10]
[2026-04-15T06:11:09.681Z]58>object[11] after step : game-object[11]
[2026-04-15T06:11:09.681Z]58>object[12] after step : game-object[12]
[2026-04-15T06:11:09.681Z]58>object[13] after step : game-object[13]
[2026-04-15T06:11:09.681Z]58>object[14] after step : game-object[14]
[2026-04-15T06:11:09.681Z]58>object[15] after step : game-object[15]
[2026-04-15T06:11:09.681Z]58>object[16] after step : game-object[16]
[2026-04-15T06:11:09.681Z]58>object[17] after step : game-object[17]
[2026-04-15T06:11:09.681Z]58>object[18] after step : game-object[18]
[2026-04-15T06:11:09.681Z]58>object[19] after step : game-object[19]
[2026-04-15T06:11:09.681Z]58>object[20] after step : game-object[20]
[2026-04-15T06:11:09.681Z]58>object[21] after step : game-object[21]
[2026-04-15T06:11:09.681Z]58>========== sending world update 58 to room /lobby is delta update: true ==========
[2026-04-15T06:11:09.682Z]58>========== sending world update 58 to room match:2DRJTC is delta update: true ==========
[2026-04-15T06:11:09.699Z]59>object[1] after step : game-object[1]
[2026-04-15T06:11:09.699Z]59>object[2] after step : game-object[2]
[2026-04-15T06:11:09.699Z]59>object[3] after step : game-object[3]
[2026-04-15T06:11:09.699Z]59>object[4] after step : game-object[4]
[2026-04-15T06:11:09.699Z]59>object[5] after step : game-object[5]
[2026-04-15T06:11:09.699Z]59>object[6] after step : game-object[6]
[2026-04-15T06:11:09.699Z]59>object[7] after step : game-object[7]
[2026-04-15T06:11:09.699Z]59>object[8] after step : game-object[8]
[2026-04-15T06:11:09.699Z]59>object[9] after step : game-object[9]
[2026-04-15T06:11:09.699Z]59>object[10] after step : game-object[10]
[2026-04-15T06:11:09.699Z]59>object[11] after step : game-object[11]
[2026-04-15T06:11:09.699Z]59>object[12] after step : game-object[12]
[2026-04-15T06:11:09.699Z]59>object[13] after step : game-object[13]
[2026-04-15T06:11:09.699Z]59>object[14] after step : game-object[14]
[2026-04-15T06:11:09.699Z]59>object[15] after step : game-object[15]
[2026-04-15T06:11:09.699Z]59>object[16] after step : game-object[16]
[2026-04-15T06:11:09.699Z]59>object[17] after step : game-object[17]
[2026-04-15T06:11:09.699Z]59>object[18] after step : game-object[18]
[2026-04-15T06:11:09.699Z]59>object[19] after step : game-object[19]
[2026-04-15T06:11:09.699Z]59>object[20] after step : game-object[20]
[2026-04-15T06:11:09.699Z]59>object[21] after step : game-object[21]
[2026-04-15T06:11:09.718Z]60>object[1] after step : game-object[1]
[2026-04-15T06:11:09.718Z]60>object[2] after step : game-object[2]
[2026-04-15T06:11:09.718Z]60>object[3] after step : game-object[3]
[2026-04-15T06:11:09.718Z]60>object[4] after step : game-object[4]
[2026-04-15T06:11:09.718Z]60>object[5] after step : game-object[5]
[2026-04-15T06:11:09.718Z]60>object[6] after step : game-object[6]
[2026-04-15T06:11:09.718Z]60>object[7] after step : game-object[7]
[2026-04-15T06:11:09.718Z]60>object[8] after step : game-object[8]
[2026-04-15T06:11:09.718Z]60>object[9] after step : game-object[9]
[2026-04-15T06:11:09.718Z]60>object[10] after step : game-object[10]
[2026-04-15T06:11:09.718Z]60>object[11] after step : game-object[11]
[2026-04-15T06:11:09.718Z]60>object[12] after step : game-object[12]
[2026-04-15T06:11:09.718Z]60>object[13] after step : game-object[13]
[2026-04-15T06:11:09.718Z]60>object[14] after step : game-object[14]
[2026-04-15T06:11:09.718Z]60>object[15] after step : game-object[15]
[2026-04-15T06:11:09.718Z]60>object[16] after step : game-object[16]
[2026-04-15T06:11:09.718Z]60>object[17] after step : game-object[17]
[2026-04-15T06:11:09.718Z]60>object[18] after step : game-object[18]
[2026-04-15T06:11:09.718Z]60>object[19] after step : game-object[19]
[2026-04-15T06:11:09.718Z]60>object[20] after step : game-object[20]
[2026-04-15T06:11:09.718Z]60>object[21] after step : game-object[21]
[2026-04-15T06:11:09.718Z]60>========== sending world update 60 to room /lobby is delta update: false ==========
[2026-04-15T06:11:09.719Z]60>========== sending world update 60 to room match:2DRJTC is delta update: true ==========
[2026-04-15T06:11:09.737Z]61>object[1] after step : game-object[1]
[2026-04-15T06:11:09.737Z]61>object[2] after step : game-object[2]
[2026-04-15T06:11:09.737Z]61>object[3] after step : game-object[3]
[2026-04-15T06:11:09.737Z]61>object[4] after step : game-object[4]
[2026-04-15T06:11:09.737Z]61>object[5] after step : game-object[5]
[2026-04-15T06:11:09.737Z]61>object[6] after step : game-object[6]
[2026-04-15T06:11:09.737Z]61>object[7] after step : game-object[7]
[2026-04-15T06:11:09.737Z]61>object[8] after step : game-object[8]
[2026-04-15T06:11:09.737Z]61>object[9] after step : game-object[9]
[2026-04-15T06:11:09.737Z]61>object[10] after step : game-object[10]
[2026-04-15T06:11:09.737Z]61>object[11] after step : game-object[11]
[2026-04-15T06:11:09.737Z]61>object[12] after step : game-object[12]
[2026-04-15T06:11:09.737Z]61>object[13] after step : game-object[13]
[2026-04-15T06:11:09.737Z]61>object[14] after step : game-object[14]
[2026-04-15T06:11:09.737Z]61>object[15] after step : game-object[15]
[2026-04-15T06:11:09.737Z]61>object[16] after step : game-object[16]
[2026-04-15T06:11:09.737Z]61>object[17] after step : game-object[17]
[2026-04-15T06:11:09.737Z]61>object[18] after step : game-object[18]
[2026-04-15T06:11:09.737Z]61>object[19] after step : game-object[19]
[2026-04-15T06:11:09.737Z]61>object[20] after step : game-object[20]
[2026-04-15T06:11:09.737Z]61>object[21] after step : game-object[21]
